<html>
<body>
<pre>
<h1>µVision Build Log</h1>
<h2>Project:</h2>
H:\SmartCar_ARM_Encoder_Ver3.1_Keil4\SmartCar9th_ARM_Encoder.uvproj
Project File Date:  11/29/2014

<h2>Output:</h2>
Rebuild target 'SmartCar_ARM_Encoder'
assembling startup_LPC11xx.s...
compiling Arithmetic.c...
compiling IRQHandler.c...
compiling motor_control.c...
compiling protect.c...
compiling servo_control.c...
compiling common.c...
compiling digital_sensor.c...
compiling Init_Encoder.c...
compiling Init_GPIO.c...
compiling Init_motor.c...
compiling Init_servo.c...
compiling motor.c...
compiling servo.c...
compiling SystemInit.c...
compiling test.c...
compiling uart.c...
compiling SmartCar6th.c...
linking...
Program Size: Code=5952 RO-data=404 RW-data=160 ZI-data=672  
FromELF: creating hex file...
".\list\SmartCar9th_ARM_Encoder.axf" - 0 Error(s), 0 Warning(s).
</pre>
</body>
</html>
