<html>
<body>
<pre>
<h1>µVision Build Log</h1>
<h2>Project:</h2>
C:\Users\Prinz Eugen\Desktop\github\Smartcar\SmartCar9th_ARM_Encoder.uvproj
Project File Date:  12/01/2016

<h2>Output:</h2>
Build target 'SmartCar_ARM_Encoder'
compiling Arithmetic.c...
.\source\Hearders\servo_control.h(19): warning:  #1-D: last line of file ends without a newline
.\source\Hearders\servo_control.h:   #endif
.\source\Hearders\servo_control.h:         ^
.\source\Hearders\servo_control.h: source\Control\Arithmetic.c: 1 warning, 0 errors
compiling IRQHandler.c...
.\source\Hearders\servo_control.h(19): warning:  #1-D: last line of file ends without a newline
.\source\Hearders\servo_control.h:   #endif
.\source\Hearders\servo_control.h:         ^
.\source\Hearders\servo_control.h: source\Control\IRQHandler.c: 1 warning, 0 errors
compiling motor_control.c...
.\source\Hearders\servo_control.h(19): warning:  #1-D: last line of file ends without a newline
.\source\Hearders\servo_control.h:   #endif
.\source\Hearders\servo_control.h:         ^
.\source\Hearders\servo_control.h: source\Control\motor_control.c: 1 warning, 0 errors
compiling protect.c...
.\source\Hearders\servo_control.h(19): warning:  #1-D: last line of file ends without a newline
.\source\Hearders\servo_control.h:   #endif
.\source\Hearders\servo_control.h:         ^
.\source\Hearders\servo_control.h: source\Control\protect.c: 1 warning, 0 errors
compiling servo_control.c...
.\source\Hearders\servo_control.h(19): warning:  #1-D: last line of file ends without a newline
.\source\Hearders\servo_control.h:   #endif
.\source\Hearders\servo_control.h:         ^
.\source\Hearders\servo_control.h(19): warning:  #1-D: last line of file ends without a newline
.\source\Hearders\servo_control.h:   #endif
.\source\Hearders\servo_control.h:         ^
.\source\Hearders\servo_control.h: source\Control\servo_control.c: 2 warnings, 0 errors
compiling common.c...
.\source\Hearders\servo_control.h(19): warning:  #1-D: last line of file ends without a newline
.\source\Hearders\servo_control.h:   #endif
.\source\Hearders\servo_control.h:         ^
.\source\Hearders\servo_control.h: source\Driver\common.c: 1 warning, 0 errors
compiling digital_sensor.c...
.\source\Hearders\servo_control.h(19): warning:  #1-D: last line of file ends without a newline
.\source\Hearders\servo_control.h:   #endif
.\source\Hearders\servo_control.h:         ^
.\source\Hearders\servo_control.h: source\Driver\digital_sensor.c: 1 warning, 0 errors
compiling Init_Encoder.c...
.\source\Hearders\servo_control.h(19): warning:  #1-D: last line of file ends without a newline
.\source\Hearders\servo_control.h:   #endif
.\source\Hearders\servo_control.h:         ^
.\source\Hearders\servo_control.h: source\Driver\Init_Encoder.c: 1 warning, 0 errors
compiling Init_GPIO.c...
.\source\Hearders\servo_control.h(19): warning:  #1-D: last line of file ends without a newline
.\source\Hearders\servo_control.h:   #endif
.\source\Hearders\servo_control.h:         ^
.\source\Hearders\servo_control.h: source\Driver\Init_GPIO.c: 1 warning, 0 errors
compiling Init_motor.c...
.\source\Hearders\servo_control.h(19): warning:  #1-D: last line of file ends without a newline
.\source\Hearders\servo_control.h:   #endif
.\source\Hearders\servo_control.h:         ^
.\source\Hearders\servo_control.h: source\Driver\Init_motor.c: 1 warning, 0 errors
compiling Init_servo.c...
.\source\Hearders\servo_control.h(19): warning:  #1-D: last line of file ends without a newline
.\source\Hearders\servo_control.h:   #endif
.\source\Hearders\servo_control.h:         ^
.\source\Hearders\servo_control.h: source\Driver\Init_servo.c: 1 warning, 0 errors
compiling motor.c...
.\source\Hearders\servo_control.h(19): warning:  #1-D: last line of file ends without a newline
.\source\Hearders\servo_control.h:   #endif
.\source\Hearders\servo_control.h:         ^
.\source\Hearders\servo_control.h: source\Driver\motor.c: 1 warning, 0 errors
compiling servo.c...
.\source\Hearders\servo_control.h(19): warning:  #1-D: last line of file ends without a newline
.\source\Hearders\servo_control.h:   #endif
.\source\Hearders\servo_control.h:         ^
.\source\Hearders\servo_control.h: source\Driver\servo.c: 1 warning, 0 errors
compiling SystemInit.c...
.\source\Hearders\servo_control.h(19): warning:  #1-D: last line of file ends without a newline
.\source\Hearders\servo_control.h:   #endif
.\source\Hearders\servo_control.h:         ^
.\source\Hearders\servo_control.h: source\Driver\SystemInit.c: 1 warning, 0 errors
compiling test.c...
.\source\Hearders\servo_control.h(19): warning:  #1-D: last line of file ends without a newline
.\source\Hearders\servo_control.h:   #endif
.\source\Hearders\servo_control.h:         ^
.\source\Hearders\servo_control.h: source\Driver\test.c: 1 warning, 0 errors
compiling uart.c...
.\source\Hearders\servo_control.h(19): warning:  #1-D: last line of file ends without a newline
.\source\Hearders\servo_control.h:   #endif
.\source\Hearders\servo_control.h:         ^
.\source\Hearders\servo_control.h: source\Driver\uart.c: 1 warning, 0 errors
compiling SmartCar6th.c...
.\source\Hearders\servo_control.h(19): warning:  #1-D: last line of file ends without a newline
.\source\Hearders\servo_control.h:   #endif
.\source\Hearders\servo_control.h:         ^
source\SmartCar6th.c(180): warning:  #1-D: last line of file ends without a newline
source\SmartCar6th.c:    
source\SmartCar6th.c:    ^
source\SmartCar6th.c: source\SmartCar6th.c: 2 warnings, 0 errors
linking...
Program Size: Code=5774 RO-data=406 RW-data=152 ZI-data=672  
FromELF: creating hex file...
".\list\SmartCar9th_ARM_Encoder.axf" - 0 Error(s), 19 Warning(s).
Build target 'SmartCar_ARM_Encoder'
compiling Arithmetic.c...
.\source\Hearders\servo_control.h(20): warning:  #1-D: last line of file ends without a newline
.\source\Hearders\servo_control.h:   #endif
.\source\Hearders\servo_control.h:         ^
.\source\Hearders\servo_control.h: source\Control\Arithmetic.c: 1 warning, 0 errors
compiling IRQHandler.c...
.\source\Hearders\servo_control.h(20): warning:  #1-D: last line of file ends without a newline
.\source\Hearders\servo_control.h:   #endif
.\source\Hearders\servo_control.h:         ^
.\source\Hearders\servo_control.h: source\Control\IRQHandler.c: 1 warning, 0 errors
compiling motor_control.c...
.\source\Hearders\servo_control.h(20): warning:  #1-D: last line of file ends without a newline
.\source\Hearders\servo_control.h:   #endif
.\source\Hearders\servo_control.h:         ^
.\source\Hearders\servo_control.h: source\Control\motor_control.c: 1 warning, 0 errors
compiling protect.c...
.\source\Hearders\servo_control.h(20): warning:  #1-D: last line of file ends without a newline
.\source\Hearders\servo_control.h:   #endif
.\source\Hearders\servo_control.h:         ^
.\source\Hearders\servo_control.h: source\Control\protect.c: 1 warning, 0 errors
compiling servo_control.c...
.\source\Hearders\servo_control.h(20): warning:  #1-D: last line of file ends without a newline
.\source\Hearders\servo_control.h:   #endif
.\source\Hearders\servo_control.h:         ^
.\source\Hearders\servo_control.h(20): warning:  #1-D: last line of file ends without a newline
.\source\Hearders\servo_control.h:   #endif
.\source\Hearders\servo_control.h:         ^
.\source\Hearders\servo_control.h: source\Control\servo_control.c: 2 warnings, 0 errors
compiling common.c...
.\source\Hearders\servo_control.h(20): warning:  #1-D: last line of file ends without a newline
.\source\Hearders\servo_control.h:   #endif
.\source\Hearders\servo_control.h:         ^
.\source\Hearders\servo_control.h: source\Driver\common.c: 1 warning, 0 errors
compiling digital_sensor.c...
.\source\Hearders\servo_control.h(20): warning:  #1-D: last line of file ends without a newline
.\source\Hearders\servo_control.h:   #endif
.\source\Hearders\servo_control.h:         ^
.\source\Hearders\servo_control.h: source\Driver\digital_sensor.c: 1 warning, 0 errors
compiling Init_Encoder.c...
.\source\Hearders\servo_control.h(20): warning:  #1-D: last line of file ends without a newline
.\source\Hearders\servo_control.h:   #endif
.\source\Hearders\servo_control.h:         ^
.\source\Hearders\servo_control.h: source\Driver\Init_Encoder.c: 1 warning, 0 errors
compiling Init_GPIO.c...
.\source\Hearders\servo_control.h(20): warning:  #1-D: last line of file ends without a newline
.\source\Hearders\servo_control.h:   #endif
.\source\Hearders\servo_control.h:         ^
.\source\Hearders\servo_control.h: source\Driver\Init_GPIO.c: 1 warning, 0 errors
compiling Init_motor.c...
.\source\Hearders\servo_control.h(20): warning:  #1-D: last line of file ends without a newline
.\source\Hearders\servo_control.h:   #endif
.\source\Hearders\servo_control.h:         ^
.\source\Hearders\servo_control.h: source\Driver\Init_motor.c: 1 warning, 0 errors
compiling Init_servo.c...
.\source\Hearders\servo_control.h(20): warning:  #1-D: last line of file ends without a newline
.\source\Hearders\servo_control.h:   #endif
.\source\Hearders\servo_control.h:         ^
.\source\Hearders\servo_control.h: source\Driver\Init_servo.c: 1 warning, 0 errors
compiling motor.c...
.\source\Hearders\servo_control.h(20): warning:  #1-D: last line of file ends without a newline
.\source\Hearders\servo_control.h:   #endif
.\source\Hearders\servo_control.h:         ^
.\source\Hearders\servo_control.h: source\Driver\motor.c: 1 warning, 0 errors
compiling servo.c...
.\source\Hearders\servo_control.h(20): warning:  #1-D: last line of file ends without a newline
.\source\Hearders\servo_control.h:   #endif
.\source\Hearders\servo_control.h:         ^
.\source\Hearders\servo_control.h: source\Driver\servo.c: 1 warning, 0 errors
compiling SystemInit.c...
.\source\Hearders\servo_control.h(20): warning:  #1-D: last line of file ends without a newline
.\source\Hearders\servo_control.h:   #endif
.\source\Hearders\servo_control.h:         ^
.\source\Hearders\servo_control.h: source\Driver\SystemInit.c: 1 warning, 0 errors
compiling test.c...
.\source\Hearders\servo_control.h(20): warning:  #1-D: last line of file ends without a newline
.\source\Hearders\servo_control.h:   #endif
.\source\Hearders\servo_control.h:         ^
.\source\Hearders\servo_control.h: source\Driver\test.c: 1 warning, 0 errors
compiling uart.c...
.\source\Hearders\servo_control.h(20): warning:  #1-D: last line of file ends without a newline
.\source\Hearders\servo_control.h:   #endif
.\source\Hearders\servo_control.h:         ^
.\source\Hearders\servo_control.h: source\Driver\uart.c: 1 warning, 0 errors
compiling SmartCar6th.c...
.\source\Hearders\servo_control.h(20): warning:  #1-D: last line of file ends without a newline
.\source\Hearders\servo_control.h:   #endif
.\source\Hearders\servo_control.h:         ^
source\SmartCar6th.c(180): warning:  #1-D: last line of file ends without a newline
source\SmartCar6th.c:    
source\SmartCar6th.c:    ^
source\SmartCar6th.c: source\SmartCar6th.c: 2 warnings, 0 errors
linking...
Program Size: Code=5774 RO-data=406 RW-data=152 ZI-data=672  
FromELF: creating hex file...
".\list\SmartCar9th_ARM_Encoder.axf" - 0 Error(s), 19 Warning(s).
Build target 'SmartCar_ARM_Encoder'
compiling Arithmetic.c...
compiling IRQHandler.c...
compiling motor_control.c...
compiling protect.c...
compiling servo_control.c...
compiling common.c...
compiling digital_sensor.c...
compiling Init_Encoder.c...
compiling Init_GPIO.c...
compiling Init_motor.c...
compiling Init_servo.c...
compiling motor.c...
compiling servo.c...
compiling SystemInit.c...
compiling test.c...
compiling uart.c...
compiling SmartCar6th.c...
source\SmartCar6th.c(180): warning:  #1-D: last line of file ends without a newline
source\SmartCar6th.c:    
source\SmartCar6th.c:    ^
source\SmartCar6th.c: source\SmartCar6th.c: 1 warning, 0 errors
linking...
Program Size: Code=5774 RO-data=406 RW-data=152 ZI-data=672  
FromELF: creating hex file...
".\list\SmartCar9th_ARM_Encoder.axf" - 0 Error(s), 1 Warning(s).
Build target 'SmartCar_ARM_Encoder'
compiling SmartCar6th.c...
source\SmartCar6th.c(182): warning:  #1-D: last line of file ends without a newline
source\SmartCar6th.c:    
source\SmartCar6th.c:    ^
source\SmartCar6th.c: source\SmartCar6th.c: 1 warning, 0 errors
linking...
Program Size: Code=5774 RO-data=406 RW-data=152 ZI-data=672  
FromELF: creating hex file...
".\list\SmartCar9th_ARM_Encoder.axf" - 0 Error(s), 1 Warning(s).
Build target 'SmartCar_ARM_Encoder'
compiling SmartCar6th.c...
linking...
Program Size: Code=5774 RO-data=406 RW-data=152 ZI-data=672  
FromELF: creating hex file...
".\list\SmartCar9th_ARM_Encoder.axf" - 0 Error(s), 0 Warning(s).
Build target 'SmartCar_ARM_Encoder'
compiling Arithmetic.c...
compiling motor_control.c...
compiling servo_control.c...
linking...
Program Size: Code=5922 RO-data=406 RW-data=160 ZI-data=688  
FromELF: creating hex file...
".\list\SmartCar9th_ARM_Encoder.axf" - 0 Error(s), 0 Warning(s).
Build target 'SmartCar_ARM_Encoder'
compiling Arithmetic.c...
source\Control\Arithmetic.c(79): error:  #29: expected an expression
source\Control\Arithmetic.c:       /rvoTemp = average(angleRecord);
source\Control\Arithmetic.c:       ^
source\Control\Arithmetic.c: source\Control\Arithmetic.c: 0 warnings, 1 error
compiling motor_control.c...
compiling SmartCar6th.c...
Target not created
Build target 'SmartCar_ARM_Encoder'
compiling Arithmetic.c...
source\Control\Arithmetic.c(79): error:  #29: expected an expression
source\Control\Arithmetic.c:       /rvoTemp = average(angleRecord);
source\Control\Arithmetic.c:       ^
source\Control\Arithmetic.c: source\Control\Arithmetic.c: 0 warnings, 1 error
Target not created
Build target 'SmartCar_ARM_Encoder'
compiling Arithmetic.c...
linking...
Program Size: Code=5778 RO-data=406 RW-data=152 ZI-data=672  
FromELF: creating hex file...
".\list\SmartCar9th_ARM_Encoder.axf" - 0 Error(s), 0 Warning(s).
Build target 'SmartCar_ARM_Encoder'
compiling Arithmetic.c...
compiling IRQHandler.c...
compiling motor_control.c...
compiling protect.c...
compiling servo_control.c...
compiling common.c...
compiling digital_sensor.c...
compiling Init_Encoder.c...
compiling Init_GPIO.c...
compiling Init_motor.c...
compiling Init_servo.c...
compiling motor.c...
compiling servo.c...
compiling SystemInit.c...
compiling test.c...
compiling uart.c...
compiling SmartCar6th.c...
linking...
Program Size: Code=5778 RO-data=406 RW-data=152 ZI-data=672  
FromELF: creating hex file...
".\list\SmartCar9th_ARM_Encoder.axf" - 0 Error(s), 0 Warning(s).
Build target 'SmartCar_ARM_Encoder'
compiling servo_control.c...
compiling SmartCar6th.c...
linking...
Program Size: Code=5778 RO-data=406 RW-data=152 ZI-data=672  
FromELF: creating hex file...
".\list\SmartCar9th_ARM_Encoder.axf" - 0 Error(s), 0 Warning(s).
Build target 'SmartCar_ARM_Encoder'
compiling Arithmetic.c...
compiling servo_control.c...
compiling SmartCar6th.c...
linking...
Program Size: Code=5822 RO-data=406 RW-data=152 ZI-data=672  
FromELF: creating hex file...
".\list\SmartCar9th_ARM_Encoder.axf" - 0 Error(s), 0 Warning(s).
Build target 'SmartCar_ARM_Encoder'
compiling Arithmetic.c...
compiling servo_control.c...
compiling SmartCar6th.c...
linking...
Program Size: Code=5830 RO-data=406 RW-data=152 ZI-data=672  
FromELF: creating hex file...
".\list\SmartCar9th_ARM_Encoder.axf" - 0 Error(s), 0 Warning(s).
Build target 'SmartCar_ARM_Encoder'
compiling Arithmetic.c...
compiling servo_control.c...
compiling SmartCar6th.c...
linking...
Program Size: Code=5822 RO-data=406 RW-data=152 ZI-data=672  
FromELF: creating hex file...
".\list\SmartCar9th_ARM_Encoder.axf" - 0 Error(s), 0 Warning(s).
Build target 'SmartCar_ARM_Encoder'
compiling servo_control.c...
linking...
Program Size: Code=5834 RO-data=406 RW-data=152 ZI-data=672  
FromELF: creating hex file...
".\list\SmartCar9th_ARM_Encoder.axf" - 0 Error(s), 0 Warning(s).
Build target 'SmartCar_ARM_Encoder'
compiling Arithmetic.c...
compiling servo_control.c...
compiling SmartCar6th.c...
linking...
Program Size: Code=5834 RO-data=406 RW-data=152 ZI-data=672  
FromELF: creating hex file...
".\list\SmartCar9th_ARM_Encoder.axf" - 0 Error(s), 0 Warning(s).
Build target 'SmartCar_ARM_Encoder'
compiling Arithmetic.c...
compiling servo_control.c...
compiling servo.c...
compiling SmartCar6th.c...
linking...
Program Size: Code=5834 RO-data=406 RW-data=152 ZI-data=672  
FromELF: creating hex file...
".\list\SmartCar9th_ARM_Encoder.axf" - 0 Error(s), 0 Warning(s).
Build target 'SmartCar_ARM_Encoder'
compiling IRQHandler.c...
linking...
Program Size: Code=5834 RO-data=406 RW-data=152 ZI-data=672  
FromELF: creating hex file...
".\list\SmartCar9th_ARM_Encoder.axf" - 0 Error(s), 0 Warning(s).
Build target 'SmartCar_ARM_Encoder'
compiling Arithmetic.c...
compiling IRQHandler.c...
compiling servo_control.c...
compiling SmartCar6th.c...
linking...
Program Size: Code=5834 RO-data=406 RW-data=152 ZI-data=672  
FromELF: creating hex file...
".\list\SmartCar9th_ARM_Encoder.axf" - 0 Error(s), 0 Warning(s).
Build target 'SmartCar_ARM_Encoder'
compiling Arithmetic.c...
compiling IRQHandler.c...
compiling SmartCar6th.c...
linking...
Program Size: Code=5834 RO-data=406 RW-data=152 ZI-data=672  
FromELF: creating hex file...
".\list\SmartCar9th_ARM_Encoder.axf" - 0 Error(s), 0 Warning(s).
Build target 'SmartCar_ARM_Encoder'
compiling Arithmetic.c...
compiling servo_control.c...
compiling SmartCar6th.c...
linking...
Program Size: Code=5834 RO-data=406 RW-data=152 ZI-data=672  
FromELF: creating hex file...
".\list\SmartCar9th_ARM_Encoder.axf" - 0 Error(s), 0 Warning(s).
Build target 'SmartCar_ARM_Encoder'
compiling Arithmetic.c...
compiling servo_control.c...
compiling SmartCar6th.c...
linking...
Program Size: Code=5834 RO-data=406 RW-data=152 ZI-data=672  
FromELF: creating hex file...
".\list\SmartCar9th_ARM_Encoder.axf" - 0 Error(s), 0 Warning(s).
Build target 'SmartCar_ARM_Encoder'
compiling servo_control.c...
linking...
Program Size: Code=5834 RO-data=406 RW-data=152 ZI-data=672  
FromELF: creating hex file...
".\list\SmartCar9th_ARM_Encoder.axf" - 0 Error(s), 0 Warning(s).
Build target 'SmartCar_ARM_Encoder'
compiling Arithmetic.c...
compiling IRQHandler.c...
compiling servo_control.c...
compiling SmartCar6th.c...
linking...
Program Size: Code=5834 RO-data=406 RW-data=152 ZI-data=672  
FromELF: creating hex file...
".\list\SmartCar9th_ARM_Encoder.axf" - 0 Error(s), 0 Warning(s).
Build target 'SmartCar_ARM_Encoder'
compiling servo_control.c...
linking...
Program Size: Code=5834 RO-data=406 RW-data=152 ZI-data=672  
FromELF: creating hex file...
".\list\SmartCar9th_ARM_Encoder.axf" - 0 Error(s), 0 Warning(s).
Build target 'SmartCar_ARM_Encoder'
compiling servo_control.c...
linking...
Program Size: Code=5858 RO-data=406 RW-data=152 ZI-data=672  
FromELF: creating hex file...
".\list\SmartCar9th_ARM_Encoder.axf" - 0 Error(s), 0 Warning(s).
Build target 'SmartCar_ARM_Encoder'
compiling Arithmetic.c...
compiling servo_control.c...
compiling SmartCar6th.c...
linking...
Program Size: Code=5858 RO-data=406 RW-data=152 ZI-data=672  
FromELF: creating hex file...
".\list\SmartCar9th_ARM_Encoder.axf" - 0 Error(s), 0 Warning(s).
Build target 'SmartCar_ARM_Encoder'
compiling IRQHandler.c...
compiling servo_control.c...
linking...
Program Size: Code=5834 RO-data=406 RW-data=152 ZI-data=672  
FromELF: creating hex file...
".\list\SmartCar9th_ARM_Encoder.axf" - 0 Error(s), 0 Warning(s).
Build target 'SmartCar_ARM_Encoder'
compiling IRQHandler.c...
linking...
Program Size: Code=5834 RO-data=406 RW-data=152 ZI-data=672  
FromELF: creating hex file...
".\list\SmartCar9th_ARM_Encoder.axf" - 0 Error(s), 0 Warning(s).
Build target 'SmartCar_ARM_Encoder'
compiling Arithmetic.c...
compiling servo_control.c...
compiling SmartCar6th.c...
linking...
Program Size: Code=5834 RO-data=406 RW-data=152 ZI-data=672  
FromELF: creating hex file...
".\list\SmartCar9th_ARM_Encoder.axf" - 0 Error(s), 0 Warning(s).
Build target 'SmartCar_ARM_Encoder'
linking...
Program Size: Code=5834 RO-data=406 RW-data=152 ZI-data=672  
FromELF: creating hex file...
".\list\SmartCar9th_ARM_Encoder.axf" - 0 Error(s), 0 Warning(s).
Build target 'SmartCar_ARM_Encoder'
compiling Arithmetic.c...
compiling IRQHandler.c...
compiling servo_control.c...
compiling motor.c...
compiling SmartCar6th.c...
linking...
Program Size: Code=5834 RO-data=406 RW-data=152 ZI-data=672  
FromELF: creating hex file...
".\list\SmartCar9th_ARM_Encoder.axf" - 0 Error(s), 0 Warning(s).
Build target 'SmartCar_ARM_Encoder'
compiling servo_control.c...
linking...
Program Size: Code=5838 RO-data=406 RW-data=152 ZI-data=672  
FromELF: creating hex file...
".\list\SmartCar9th_ARM_Encoder.axf" - 0 Error(s), 0 Warning(s).
Build target 'SmartCar_ARM_Encoder'
compiling servo_control.c...
source\Control\servo_control.c(29): error:  #147-D: declaration is incompatible with "int GetExpectedServoAngle(int, int)" (declared at line 19 of ".\source\Hearders\servo_control.h")
source\Control\servo_control.c:   int GetExpectedServoAngle(unsigned char num_lights, int sum_angle) {
source\Control\servo_control.c:       ^
source\Control\servo_control.c: source\Control\servo_control.c: 0 warnings, 1 error
Target not created
Build target 'SmartCar_ARM_Encoder'
compiling servo_control.c...
source\Control\servo_control.c(29): error:  #147-D: declaration is incompatible with "int GetExpectedServoAngle(int, int)" (declared at line 19 of ".\source\Hearders\servo_control.h")
source\Control\servo_control.c:   int GetExpectedServoAngle(unsigned char num_lights, int sum_angle) {
source\Control\servo_control.c:       ^
source\Control\servo_control.c: source\Control\servo_control.c: 0 warnings, 1 error
Target not created
Build target 'SmartCar_ARM_Encoder'
compiling servo_control.c...
source\Control\servo_control.c(29): error:  #147-D: declaration is incompatible with "int GetExpectedServoAngle(int, int)" (declared at line 19 of ".\source\Hearders\servo_control.h")
source\Control\servo_control.c:   int GetExpectedServoAngle(unsigned int num_lights, int sum_angle) {
source\Control\servo_control.c:       ^
source\Control\servo_control.c: source\Control\servo_control.c: 0 warnings, 1 error
Target not created
Build target 'SmartCar_ARM_Encoder'
compiling Arithmetic.c...
compiling IRQHandler.c...
compiling motor_control.c...
compiling protect.c...
compiling servo_control.c...
compiling common.c...
compiling digital_sensor.c...
compiling Init_Encoder.c...
compiling Init_GPIO.c...
compiling Init_motor.c...
compiling Init_servo.c...
compiling motor.c...
compiling servo.c...
compiling SystemInit.c...
compiling test.c...
compiling uart.c...
compiling SmartCar6th.c...
linking...
Program Size: Code=5838 RO-data=406 RW-data=152 ZI-data=672  
FromELF: creating hex file...
".\list\SmartCar9th_ARM_Encoder.axf" - 0 Error(s), 0 Warning(s).
Build target 'SmartCar_ARM_Encoder'
compiling IRQHandler.c...
compiling motor_control.c...
compiling servo_control.c...
linking...
Program Size: Code=5838 RO-data=406 RW-data=152 ZI-data=672  
FromELF: creating hex file...
".\list\SmartCar9th_ARM_Encoder.axf" - 0 Error(s), 0 Warning(s).
Build target 'SmartCar_ARM_Encoder'
compiling Arithmetic.c...
compiling IRQHandler.c...
compiling motor_control.c...
compiling protect.c...
compiling servo_control.c...
source\Control\servo_control.c(31): error:  #137: expression must be a modifiable lvalue
source\Control\servo_control.c:       if(num_lights == 0 || num_lights = 11) {
source\Control\servo_control.c:          ^
source\Control\servo_control.c: source\Control\servo_control.c: 0 warnings, 1 error
compiling common.c...
compiling digital_sensor.c...
compiling Init_Encoder.c...
compiling Init_GPIO.c...
compiling Init_motor.c...
compiling Init_servo.c...
compiling motor.c...
compiling servo.c...
compiling SystemInit.c...
compiling test.c...
compiling uart.c...
compiling SmartCar6th.c...
Target not created
Build target 'SmartCar_ARM_Encoder'
compiling servo_control.c...
linking...
Program Size: Code=5902 RO-data=406 RW-data=152 ZI-data=672  
FromELF: creating hex file...
".\list\SmartCar9th_ARM_Encoder.axf" - 0 Error(s), 0 Warning(s).
Build target 'SmartCar_ARM_Encoder'
compiling Arithmetic.c...
compiling IRQHandler.c...
compiling motor_control.c...
compiling protect.c...
compiling servo_control.c...
compiling common.c...
compiling digital_sensor.c...
compiling Init_Encoder.c...
compiling Init_GPIO.c...
compiling Init_motor.c...
compiling Init_servo.c...
compiling motor.c...
compiling servo.c...
compiling SystemInit.c...
compiling test.c...
compiling uart.c...
compiling SmartCar6th.c...
linking...
Program Size: Code=5902 RO-data=406 RW-data=152 ZI-data=672  
FromELF: creating hex file...
".\list\SmartCar9th_ARM_Encoder.axf" - 0 Error(s), 0 Warning(s).
Build target 'SmartCar_ARM_Encoder'
linking...
Program Size: Code=5902 RO-data=406 RW-data=152 ZI-data=672  
FromELF: creating hex file...
".\list\SmartCar9th_ARM_Encoder.axf" - 0 Error(s), 0 Warning(s).
Build target 'SmartCar_ARM_Encoder'
compiling IRQHandler.c...
compiling servo_control.c...
linking...
Program Size: Code=5862 RO-data=406 RW-data=152 ZI-data=672  
FromELF: creating hex file...
".\list\SmartCar9th_ARM_Encoder.axf" - 0 Error(s), 0 Warning(s).
Build target 'SmartCar_ARM_Encoder'
compiling Arithmetic.c...
compiling IRQHandler.c...
compiling motor_control.c...
compiling servo_control.c...
compiling SmartCar6th.c...
linking...
Program Size: Code=5862 RO-data=406 RW-data=152 ZI-data=672  
FromELF: creating hex file...
".\list\SmartCar9th_ARM_Encoder.axf" - 0 Error(s), 0 Warning(s).
Build target 'SmartCar_ARM_Encoder'
compiling Arithmetic.c...
compiling IRQHandler.c...
compiling motor_control.c...
compiling servo_control.c...
compiling SmartCar6th.c...
linking...
Program Size: Code=5862 RO-data=406 RW-data=152 ZI-data=672  
FromELF: creating hex file...
".\list\SmartCar9th_ARM_Encoder.axf" - 0 Error(s), 0 Warning(s).
Build target 'SmartCar_ARM_Encoder'
compiling Arithmetic.c...
compiling IRQHandler.c...
compiling motor_control.c...
compiling servo_control.c...
compiling SmartCar6th.c...
linking...
Program Size: Code=5862 RO-data=406 RW-data=152 ZI-data=672  
FromELF: creating hex file...
".\list\SmartCar9th_ARM_Encoder.axf" - 0 Error(s), 0 Warning(s).
Build target 'SmartCar_ARM_Encoder'
compiling Arithmetic.c...
compiling SmartCar6th.c...
linking...
Program Size: Code=5862 RO-data=406 RW-data=152 ZI-data=672  
FromELF: creating hex file...
".\list\SmartCar9th_ARM_Encoder.axf" - 0 Error(s), 0 Warning(s).
Build target 'SmartCar_ARM_Encoder'
compiling Arithmetic.c...
compiling servo_control.c...
compiling SmartCar6th.c...
linking...
Program Size: Code=5862 RO-data=406 RW-data=152 ZI-data=672  
FromELF: creating hex file...
".\list\SmartCar9th_ARM_Encoder.axf" - 0 Error(s), 0 Warning(s).
Build target 'SmartCar_ARM_Encoder'
compiling Arithmetic.c...
compiling IRQHandler.c...
compiling motor_control.c...
compiling SmartCar6th.c...
linking...
Program Size: Code=5862 RO-data=406 RW-data=152 ZI-data=672  
FromELF: creating hex file...
".\list\SmartCar9th_ARM_Encoder.axf" - 0 Error(s), 0 Warning(s).
Build target 'SmartCar_ARM_Encoder'
compiling Arithmetic.c...
compiling IRQHandler.c...
compiling servo_control.c...
compiling SmartCar6th.c...
linking...
Program Size: Code=5862 RO-data=406 RW-data=152 ZI-data=672  
FromELF: creating hex file...
".\list\SmartCar9th_ARM_Encoder.axf" - 0 Error(s), 0 Warning(s).
Build target 'SmartCar_ARM_Encoder'
compiling Arithmetic.c...
compiling IRQHandler.c...
compiling servo_control.c...
compiling SmartCar6th.c...
linking...
Program Size: Code=5862 RO-data=406 RW-data=152 ZI-data=672  
FromELF: creating hex file...
".\list\SmartCar9th_ARM_Encoder.axf" - 0 Error(s), 0 Warning(s).
Build target 'SmartCar_ARM_Encoder'
compiling servo_control.c...
source\Control\servo_control.c(40): error:  #268: declaration may not appear after executable statement in block
source\Control\servo_control.c:       int avg_angle = sum_angle / num_lights;
source\Control\servo_control.c:       ^
source\Control\servo_control.c: source\Control\servo_control.c: 0 warnings, 1 error
Target not created
Build target 'SmartCar_ARM_Encoder'
compiling servo_control.c...
linking...
Program Size: Code=5866 RO-data=406 RW-data=152 ZI-data=672  
FromELF: creating hex file...
".\list\SmartCar9th_ARM_Encoder.axf" - 0 Error(s), 0 Warning(s).
Build target 'SmartCar_ARM_Encoder'
compiling servo_control.c...
linking...
Program Size: Code=5866 RO-data=406 RW-data=152 ZI-data=672  
FromELF: creating hex file...
".\list\SmartCar9th_ARM_Encoder.axf" - 0 Error(s), 0 Warning(s).
Build target 'SmartCar_ARM_Encoder'
compiling servo_control.c...
linking...
Program Size: Code=5866 RO-data=406 RW-data=152 ZI-data=672  
FromELF: creating hex file...
".\list\SmartCar9th_ARM_Encoder.axf" - 0 Error(s), 0 Warning(s).
