<html>
<body>
<pre>
<h1>礦ision Build Log</h1>
<h2>Project:</h2>
C:\Users\Prinz Eugen\Desktop\程序相关资料\Cotex-M0相关\校内智能车大赛_程序\SmartCar_ARM_Encoder_Ver1.2_Keil4\SmartCar9th_ARM_Encoder.uvproj
Project File Date:  11/14/2015

<h2>Output:</h2>
Build target 'SmartCar_ARM_Encoder'
assembling startup_LPC11xx.s...
compiling Arithmetic.c...
compiling IRQHandler.c...
compiling motor_control.c...
compiling protect.c...
compiling servo_control.c...
compiling common.c...
compiling digital_sensor.c...
compiling Init_Encoder.c...
compiling Init_GPIO.c...
compiling Init_motor.c...
compiling Init_servo.c...
compiling motor.c...
compiling servo.c...
compiling SystemInit.c...
compiling test.c...
compiling uart.c...
compiling SmartCar6th.c...
linking...
Program Size: Code=8458 RO-data=474 RW-data=156 ZI-data=676  
FromELF: creating hex file...
".\list\SmartCar9th_ARM_Encoder.axf" - 0 Error(s), 0 Warning(s).
