ARM Linker, 4.1 [Build 481] [Standard]

==============================================================================

Section Cross References

    startup_lpc11xx.o(STACK) refers (Special) to heapauxi.o(.text) for __use_two_region_memory
    startup_lpc11xx.o(HEAP) refers (Special) to heapauxi.o(.text) for __use_two_region_memory
    startup_lpc11xx.o(RESET) refers (Special) to heapauxi.o(.text) for __use_two_region_memory
    startup_lpc11xx.o(RESET) refers to startup_lpc11xx.o(STACK) for __initial_sp
    startup_lpc11xx.o(RESET) refers to startup_lpc11xx.o(.text) for Reset_Handler
    startup_lpc11xx.o(RESET) refers to irqhandler.o(.text) for TIMER16_0_IRQHandler
    startup_lpc11xx.o(RESET) refers to uart.o(.text) for UART_IRQHandler
    startup_lpc11xx.o(.ARM.__at_0x02FC) refers (Special) to heapauxi.o(.text) for __use_two_region_memory
    startup_lpc11xx.o(.text) refers (Special) to heapauxi.o(.text) for __use_two_region_memory
    startup_lpc11xx.o(.text) refers to systeminit.o(.text) for SystemInit
    startup_lpc11xx.o(.text) refers to __main.o(!!!main) for __main
    startup_lpc11xx.o(.text) refers to startup_lpc11xx.o(HEAP) for Heap_Mem
    startup_lpc11xx.o(.text) refers to startup_lpc11xx.o(STACK) for Stack_Mem
    arithmetic.o(.text) refers to servo_control.o(.text) for GetErr
    arithmetic.o(.text) refers to motor_control.o(.text) for SpeedOut
    arithmetic.o(.text) refers to servo.o(.text) for SetServoAngle
    arithmetic.o(.text) refers to motor.o(.text) for PWMOut4
    arithmetic.o(.text) refers to smartcar6th.o(.data) for gl_iNowErr
    irqhandler.o(.text) refers to motor.o(.text) for IRQ_motor_PWMOut
    irqhandler.o(.text) refers to servo.o(.text) for servo_PWMOut
    irqhandler.o(.text) refers to smartcar6th.o(.data) for gl_ulTimerCnt
    irqhandler.o(.text) refers to irqhandler.o(.data) for servo_counter
    motor_control.o(.text) refers to aeabi_sdiv.o(.text) for __aeabi_idivmod
    motor_control.o(.text) refers to motor.o(.text) for PWMOut4
    motor_control.o(.text) refers to motor_control.o(.constdata) for gl_speedDifference
    motor_control.o(.text) refers to smartcar6th.o(.data) for gl_iPattern
    protect.o(.text) refers to common.o(.text) for Remote
    protect.o(.text) refers to smartcar6th.o(.data) for gl_ucSwitchValue
    protect.o(.text) refers to protect.o(.data) for teleControlCounter
    servo_control.o(.text) refers to aeabi_sdiv.o(.text) for __aeabi_idivmod
    servo_control.o(.text) refers to servo_control.o(.data) for s_iLastErr
    servo_control.o(.text) refers to smartcar6th.o(.data) for gl_uiDigitalSensor
    digital_sensor.o(.text) refers to smartcar6th.o(.data) for gl_ucSensorNumber
    init_motor.o(.text) refers to init_motor.o(.data) for TimerInterval
    motor.o(.text) refers to motor.o(.data) for gl_Motor_PWMBuff
    servo.o(.text) refers to servo.o(.data) for gl_servoPWM
    systeminit.o(.text) refers to init_motor.o(.text) for Init_motor
    systeminit.o(.text) refers to init_servo.o(.text) for Init_servo
    systeminit.o(.text) refers to init_gpio.o(.text) for Init_GPIO
    systeminit.o(.text) refers to uart.o(.text) for Init_UART
    systeminit.o(.text) refers to init_encoder.o(.text) for Init_Encoder
    systeminit.o(.text) refers to systeminit.o(.data) for ClockSource
    uart.o(.text) refers to aeabi_sdiv.o(.text) for __aeabi_uidivmod
    uart.o(.text) refers to rt_memclr.o(.text) for __aeabi_memclr4
    uart.o(.text) refers to uart.o(.data) for UARTStatus
    uart.o(.text) refers to uart.o(.bss) for UARTBuffer
    uart.o(.text) refers to systeminit.o(.data) for SystemAHBFrequency
    smartcar6th.o(.text) refers to systeminit.o(.text) for Init_ALL
    smartcar6th.o(.text) refers to servo.o(.text) for SetServoAngle
    smartcar6th.o(.text) refers to motor_control.o(.text) for PWMOut
    smartcar6th.o(.text) refers to common.o(.text) for BUZZER_OFF
    smartcar6th.o(.text) refers to digital_sensor.o(.text) for GetDigitalSensorValue
    smartcar6th.o(.text) refers to protect.o(.text) for TeleControl
    smartcar6th.o(.text) refers to arithmetic.o(.text) for Control
    smartcar6th.o(.text) refers to motor.o(.text) for PWMOut4
    smartcar6th.o(.text) refers to smartcar6th.o(.data) for gl_ucSwitchValue
    __main.o(!!!main) refers to rtentry.o(.ARM.Collect$$rtentry$$00000000) for __rt_entry
    rtentry.o(.ARM.Collect$$rtentry$$00000000) refers (Special) to rtentry2.o(.ARM.Collect$$rtentry$$0000000A) for __rt_entry_li
    rtentry.o(.ARM.Collect$$rtentry$$00000000) refers (Special) to rtentry2.o(.ARM.Collect$$rtentry$$0000000D) for __rt_entry_main
    rtentry.o(.ARM.Collect$$rtentry$$00000000) refers (Special) to rtentry2.o(.ARM.Collect$$rtentry$$0000000C) for __rt_entry_postli_1
    rtentry.o(.ARM.Collect$$rtentry$$00000000) refers (Special) to rtentry2.o(.ARM.Collect$$rtentry$$00000009) for __rt_entry_postsh_1
    rtentry.o(.ARM.Collect$$rtentry$$00000000) refers (Special) to rtentry2.o(.ARM.Collect$$rtentry$$00000002) for __rt_entry_presh_1
    rtentry.o(.ARM.Collect$$rtentry$$00000000) refers (Special) to rtentry4.o(.ARM.Collect$$rtentry$$00000004) for __rt_entry_sh
    rtentry.o(.ARM.exidx) refers (Special) to rtentry2.o(.ARM.Collect$$rtentry$$0000000A) for __rt_entry_li
    rtentry.o(.ARM.exidx) refers (Special) to rtentry2.o(.ARM.Collect$$rtentry$$0000000D) for __rt_entry_main
    rtentry.o(.ARM.exidx) refers (Special) to rtentry2.o(.ARM.Collect$$rtentry$$0000000C) for __rt_entry_postli_1
    rtentry.o(.ARM.exidx) refers (Special) to rtentry2.o(.ARM.Collect$$rtentry$$00000009) for __rt_entry_postsh_1
    rtentry.o(.ARM.exidx) refers (Special) to rtentry2.o(.ARM.Collect$$rtentry$$00000002) for __rt_entry_presh_1
    rtentry.o(.ARM.exidx) refers (Special) to rtentry4.o(.ARM.Collect$$rtentry$$00000004) for __rt_entry_sh
    rtentry.o(.ARM.exidx) refers to rtentry.o(.ARM.Collect$$rtentry$$00000000) for .ARM.Collect$$rtentry$$00000000
    aeabi_idiv0_sigfpe.o(.text) refers to rt_div0.o(.text) for __rt_div0
    rtentry2.o(.ARM.Collect$$rtentry$$00000008) refers to boardinit2.o(.text) for _platform_post_stackheap_init
    rtentry2.o(.ARM.Collect$$rtentry$$0000000A) refers to libinit.o(.ARM.Collect$$libinit$$00000000) for __rt_lib_init
    rtentry2.o(.ARM.Collect$$rtentry$$0000000B) refers to boardinit3.o(.text) for _platform_post_lib_init
    rtentry2.o(.ARM.Collect$$rtentry$$0000000D) refers to smartcar6th.o(.text) for main
    rtentry2.o(.ARM.Collect$$rtentry$$0000000D) refers to exit.o(.text) for exit
    rtentry2.o(.ARM.exidx) refers to rtentry2.o(.ARM.Collect$$rtentry$$00000001) for .ARM.Collect$$rtentry$$00000001
    rtentry2.o(.ARM.exidx) refers to rtentry2.o(.ARM.Collect$$rtentry$$00000002) for .ARM.Collect$$rtentry$$00000002
    rtentry2.o(.ARM.exidx) refers to rtentry2.o(.ARM.Collect$$rtentry$$00000008) for .ARM.Collect$$rtentry$$00000008
    rtentry2.o(.ARM.exidx) refers to rtentry2.o(.ARM.Collect$$rtentry$$00000009) for .ARM.Collect$$rtentry$$00000009
    rtentry2.o(.ARM.exidx) refers to rtentry2.o(.ARM.Collect$$rtentry$$0000000A) for .ARM.Collect$$rtentry$$0000000A
    rtentry2.o(.ARM.exidx) refers to rtentry2.o(.ARM.Collect$$rtentry$$0000000B) for .ARM.Collect$$rtentry$$0000000B
    rtentry2.o(.ARM.exidx) refers to rtentry2.o(.ARM.Collect$$rtentry$$0000000C) for .ARM.Collect$$rtentry$$0000000C
    rtentry2.o(.ARM.exidx) refers to rtentry2.o(.ARM.Collect$$rtentry$$0000000D) for .ARM.Collect$$rtentry$$0000000D
    rtentry4.o(.ARM.Collect$$rtentry$$00000004) refers to sys_stackheap_outer.o(.text) for __user_setup_stackheap
    rtentry4.o(.ARM.exidx) refers to rtentry4.o(.ARM.Collect$$rtentry$$00000004) for .ARM.Collect$$rtentry$$00000004
    rt_div0.o(.text) refers to defsig_fpe_outer.o(.text) for __rt_SIGFPE
    sys_stackheap_outer.o(.text) refers to libspace.o(.text) for __user_perproc_libspace
    sys_stackheap_outer.o(.text) refers to startup_lpc11xx.o(.text) for __user_initial_stackheap
    sys_stackheap_outer.o(__vectab_stack_and_reset_area) refers to tempstk.o(.text) for __temporary_stack_top
    sys_stackheap_outer.o(__vectab_stack_and_reset_area) refers to __main.o(!!!main) for __main
    exit.o(.text) refers to rtexit.o(.ARM.Collect$$rtexit$$00000000) for __rt_exit
    defsig_fpe_outer.o(.text) refers to defsig_fpe_inner.o(.text) for __rt_SIGFPE_inner
    defsig_fpe_outer.o(.text) refers to defsig_exit.o(.text) for __sig_exit
    defsig_fpe_formal.o(.text) refers to rt_raise.o(.text) for __rt_raise
    libinit.o(.ARM.Collect$$libinit$$00000000) refers (Special) to libinit2.o(.ARM.Collect$$libinit$$0000002A) for __rt_lib_init_alloca_1
    libinit.o(.ARM.Collect$$libinit$$00000000) refers (Special) to libinit2.o(.ARM.Collect$$libinit$$00000028) for __rt_lib_init_argv_1
    libinit.o(.ARM.Collect$$libinit$$00000000) refers (Special) to libinit2.o(.ARM.Collect$$libinit$$00000017) for __rt_lib_init_atexit_1
    libinit.o(.ARM.Collect$$libinit$$00000000) refers (Special) to libinit2.o(.ARM.Collect$$libinit$$0000001D) for __rt_lib_init_clock_1
    libinit.o(.ARM.Collect$$libinit$$00000000) refers (Special) to libinit2.o(.ARM.Collect$$libinit$$0000002E) for __rt_lib_init_cpp_1
    libinit.o(.ARM.Collect$$libinit$$00000000) refers (Special) to libinit2.o(.ARM.Collect$$libinit$$0000002C) for __rt_lib_init_exceptions_1
    libinit.o(.ARM.Collect$$libinit$$00000000) refers (Special) to libinit2.o(.ARM.Collect$$libinit$$0000001B) for __rt_lib_init_fp_trap_1
    libinit.o(.ARM.Collect$$libinit$$00000000) refers (Special) to libinit2.o(.ARM.Collect$$libinit$$0000001F) for __rt_lib_init_getenv_1
    libinit.o(.ARM.Collect$$libinit$$00000000) refers (Special) to libinit2.o(.ARM.Collect$$libinit$$00000006) for __rt_lib_init_heap_1
    libinit.o(.ARM.Collect$$libinit$$00000000) refers (Special) to libinit2.o(.ARM.Collect$$libinit$$0000000D) for __rt_lib_init_lc_collate_1
    libinit.o(.ARM.Collect$$libinit$$00000000) refers (Special) to libinit2.o(.ARM.Collect$$libinit$$0000000F) for __rt_lib_init_lc_ctype_1
    libinit.o(.ARM.Collect$$libinit$$00000000) refers (Special) to libinit2.o(.ARM.Collect$$libinit$$00000011) for __rt_lib_init_lc_monetary_1
    libinit.o(.ARM.Collect$$libinit$$00000000) refers (Special) to libinit2.o(.ARM.Collect$$libinit$$00000013) for __rt_lib_init_lc_numeric_1
    libinit.o(.ARM.Collect$$libinit$$00000000) refers (Special) to libinit2.o(.ARM.Collect$$libinit$$00000015) for __rt_lib_init_lc_time_1
    libinit.o(.ARM.Collect$$libinit$$00000000) refers (Special) to libinit2.o(.ARM.Collect$$libinit$$0000000A) for __rt_lib_init_rand_1
    libinit.o(.ARM.Collect$$libinit$$00000000) refers (Special) to libinit2.o(.ARM.Collect$$libinit$$0000002F) for __rt_lib_init_return
    libinit.o(.ARM.Collect$$libinit$$00000000) refers (Special) to libinit2.o(.ARM.Collect$$libinit$$00000019) for __rt_lib_init_signal_1
    libinit.o(.ARM.Collect$$libinit$$00000000) refers (Special) to libinit2.o(.ARM.Collect$$libinit$$00000021) for __rt_lib_init_stdio_1
    libinit.o(.ARM.Collect$$libinit$$00000000) refers (Special) to libinit2.o(.ARM.Collect$$libinit$$00000008) for __rt_lib_init_user_alloc_1
    libspace.o(.text) refers to libspace.o(.bss) for __libspace_start
    rtexit.o(.ARM.Collect$$rtexit$$00000000) refers (Special) to rtexit2.o(.ARM.Collect$$rtexit$$00000004) for __rt_exit_exit
    rtexit.o(.ARM.Collect$$rtexit$$00000000) refers (Special) to rtexit2.o(.ARM.Collect$$rtexit$$00000003) for __rt_exit_ls
    rtexit.o(.ARM.Collect$$rtexit$$00000000) refers (Special) to rtexit2.o(.ARM.Collect$$rtexit$$00000002) for __rt_exit_prels_1
    rtexit.o(.ARM.exidx) refers (Special) to rtexit2.o(.ARM.Collect$$rtexit$$00000004) for __rt_exit_exit
    rtexit.o(.ARM.exidx) refers (Special) to rtexit2.o(.ARM.Collect$$rtexit$$00000003) for __rt_exit_ls
    rtexit.o(.ARM.exidx) refers (Special) to rtexit2.o(.ARM.Collect$$rtexit$$00000002) for __rt_exit_prels_1
    rtexit.o(.ARM.exidx) refers to rtexit.o(.ARM.Collect$$rtexit$$00000000) for .ARM.Collect$$rtexit$$00000000
    rt_raise.o(.text) refers to __raise.o(.text) for __raise
    rt_raise.o(.text) refers to sys_exit.o(.text) for _sys_exit
    defsig_exit.o(.text) refers to sys_exit.o(.text) for _sys_exit
    defsig_fpe_inner.o(.text) refers to defsig_general.o(.text) for __default_signal_display
    libinit2.o(.ARM.Collect$$libinit$$0000000C) refers to libinit2.o(.ARM.Collect$$libinit$$0000000B) for .ARM.Collect$$libinit$$0000000B
    libinit2.o(.ARM.Collect$$libinit$$0000000E) refers to libinit2.o(.ARM.Collect$$libinit$$0000000B) for .ARM.Collect$$libinit$$0000000B
    libinit2.o(.ARM.Collect$$libinit$$00000010) refers to libinit2.o(.ARM.Collect$$libinit$$0000000B) for .ARM.Collect$$libinit$$0000000B
    libinit2.o(.ARM.Collect$$libinit$$00000012) refers to libinit2.o(.ARM.Collect$$libinit$$0000000B) for .ARM.Collect$$libinit$$0000000B
    libinit2.o(.ARM.Collect$$libinit$$00000014) refers to libinit2.o(.ARM.Collect$$libinit$$0000000B) for .ARM.Collect$$libinit$$0000000B
    libinit2.o(.ARM.Collect$$libinit$$00000022) refers to argv_veneer.o(.text) for __ARM_argv_veneer
    libinit2.o(.ARM.Collect$$libinit$$00000023) refers to argv_veneer.o(.text) for __ARM_argv_veneer
    sys_exit.o(.text) refers (Special) to use_no_semi.o(.text) for __I$use$semihosting
    rtexit2.o(.ARM.Collect$$rtexit$$00000003) refers to libshutdown.o(.ARM.Collect$$libshutdown$$00000000) for __rt_lib_shutdown
    rtexit2.o(.ARM.Collect$$rtexit$$00000004) refers to sys_exit.o(.text) for _sys_exit
    rtexit2.o(.ARM.exidx) refers to rtexit2.o(.ARM.Collect$$rtexit$$00000001) for .ARM.Collect$$rtexit$$00000001
    rtexit2.o(.ARM.exidx) refers to rtexit2.o(.ARM.Collect$$rtexit$$00000002) for .ARM.Collect$$rtexit$$00000002
    rtexit2.o(.ARM.exidx) refers to rtexit2.o(.ARM.Collect$$rtexit$$00000003) for .ARM.Collect$$rtexit$$00000003
    rtexit2.o(.ARM.exidx) refers to rtexit2.o(.ARM.Collect$$rtexit$$00000004) for .ARM.Collect$$rtexit$$00000004
    __raise.o(.text) refers to defsig.o(CL$$defsig) for __default_signal_handler
    defsig_general.o(.text) refers to sys_wrch.o(.text) for _ttywrch
    sys_wrch.o(.text) refers (Special) to use_no_semi.o(.text) for __I$use$semihosting
    defsig.o(CL$$defsig) refers to defsig_fpe_inner.o(.text) for __rt_SIGFPE_inner
    defsig.o(CL$$defsig) refers to defsig_rtmem_inner.o(.text) for __rt_SIGRTMEM_inner
    _get_argv_nomalloc.o(.text) refers (Special) to hrguard.o(.text) for __heap_region$guard
    _get_argv_nomalloc.o(.text) refers to defsig_rtmem_outer.o(.text) for __rt_SIGRTMEM
    _get_argv_nomalloc.o(.text) refers to sys_command.o(.text) for _sys_command_string
    libshutdown.o(.ARM.Collect$$libshutdown$$00000000) refers (Special) to libshutdown2.o(.ARM.Collect$$libshutdown$$00000006) for __rt_lib_shutdown_fp_trap_1
    libshutdown.o(.ARM.Collect$$libshutdown$$00000000) refers (Special) to libshutdown2.o(.ARM.Collect$$libshutdown$$0000000E) for __rt_lib_shutdown_heap_1
    libshutdown.o(.ARM.Collect$$libshutdown$$00000000) refers (Special) to libshutdown2.o(.ARM.Collect$$libshutdown$$0000000F) for __rt_lib_shutdown_return
    libshutdown.o(.ARM.Collect$$libshutdown$$00000000) refers (Special) to libshutdown2.o(.ARM.Collect$$libshutdown$$00000009) for __rt_lib_shutdown_signal_1
    libshutdown.o(.ARM.Collect$$libshutdown$$00000000) refers (Special) to libshutdown2.o(.ARM.Collect$$libshutdown$$00000003) for __rt_lib_shutdown_stdio_1
    libshutdown.o(.ARM.Collect$$libshutdown$$00000000) refers (Special) to libshutdown2.o(.ARM.Collect$$libshutdown$$0000000B) for __rt_lib_shutdown_user_alloc_1
    sys_command.o(.text) refers (Special) to use_no_semi.o(.text) for __I$use$semihosting
    defsig_abrt_inner.o(.text) refers to defsig_general.o(.text) for __default_signal_display
    defsig_rtred_inner.o(.text) refers to defsig_general.o(.text) for __default_signal_display
    defsig_rtmem_inner.o(.text) refers to defsig_general.o(.text) for __default_signal_display
    defsig_rtmem_outer.o(.text) refers to defsig_rtmem_inner.o(.text) for __rt_SIGRTMEM_inner
    defsig_rtmem_outer.o(.text) refers to defsig_exit.o(.text) for __sig_exit
    defsig_rtmem_formal.o(.text) refers to rt_raise.o(.text) for __rt_raise
    defsig_stak_inner.o(.text) refers to defsig_general.o(.text) for __default_signal_display
    defsig_pvfn_inner.o(.text) refers to defsig_general.o(.text) for __default_signal_display
    defsig_cppl_inner.o(.text) refers to defsig_general.o(.text) for __default_signal_display
    defsig_segv_inner.o(.text) refers to defsig_general.o(.text) for __default_signal_display
    defsig_other.o(.text) refers to defsig_general.o(.text) for __default_signal_display


==============================================================================

Image Symbol Table

    Local Symbols

    Symbol Name                              Value     Ov Type        Size  Object(Section)

    RESET                                    0x00000000   Section      192  startup_lpc11xx.o(RESET)
    ../../angel/boardlib.s                   0x00000000   Number         0  boardinit3.o ABSOLUTE
    ../../angel/boardlib.s                   0x00000000   Number         0  boardinit2.o ABSOLUTE
    ../../angel/boardlib.s                   0x00000000   Number         0  boardinit1.o ABSOLUTE
    ../../angel/boardlib.s                   0x00000000   Number         0  boardshut.o ABSOLUTE
    ../../angel/handlers.s                   0x00000000   Number         0  __scatter_zi.o ABSOLUTE
    ../../angel/handlers.s                   0x00000000   Number         0  __scatter_copy.o ABSOLUTE
    ../../angel/kernel.s                     0x00000000   Number         0  rtentry.o ABSOLUTE
    ../../angel/kernel.s                     0x00000000   Number         0  rtentry2.o ABSOLUTE
    ../../angel/kernel.s                     0x00000000   Number         0  rtexit2.o ABSOLUTE
    ../../angel/kernel.s                     0x00000000   Number         0  rtentry4.o ABSOLUTE
    ../../angel/kernel.s                     0x00000000   Number         0  rtexit.o ABSOLUTE
    ../../angel/rt.s                         0x00000000   Number         0  aeabi_idiv0.o ABSOLUTE
    ../../angel/rt.s                         0x00000000   Number         0  aeabi_idiv0_sigfpe.o ABSOLUTE
    ../../angel/rt.s                         0x00000000   Number         0  rt_raise.o ABSOLUTE
    ../../angel/rt.s                         0x00000000   Number         0  rt_div0.o ABSOLUTE
    ../../angel/scatterp.s                   0x00000000   Number         0  __scatter.o ABSOLUTE
    ../../angel/startup.s                    0x00000000   Number         0  __main.o ABSOLUTE
    ../../angel/sys.s                        0x00000000   Number         0  sys_stackheap_outer.o ABSOLUTE
    ../../angel/sys.s                        0x00000000   Number         0  tempstk.o ABSOLUTE
    ../../angel/sys.s                        0x00000000   Number         0  use_no_semi.o ABSOLUTE
    ../../angel/sys.s                        0x00000000   Number         0  libspace.o ABSOLUTE
    ../../angel/sysapp.c                     0x00000000   Number         0  sys_wrch.o ABSOLUTE
    ../../angel/sysapp.c                     0x00000000   Number         0  sys_command.o ABSOLUTE
    ../../angel/sysapp.c                     0x00000000   Number         0  sys_exit.o ABSOLUTE
    ../../armsys.c                           0x00000000   Number         0  _get_argv_nomalloc.o ABSOLUTE
    ../../armsys.c                           0x00000000   Number         0  argv_veneer.o ABSOLUTE
    ../../armsys.c                           0x00000000   Number         0  no_argv.o ABSOLUTE
    ../../cfplib/fpinit.c                    0x00000000   Number         0  fpinit.o ABSOLUTE
    ../../division.s                         0x00000000   Number         0  aeabi_sdiv.o ABSOLUTE
    ../../division.s                         0x00000000   Number         0  aeabi_sdiv_div0.o ABSOLUTE
    ../../heapalloc.c                        0x00000000   Number         0  hrguard.o ABSOLUTE
    ../../heapaux.c                          0x00000000   Number         0  heapauxi.o ABSOLUTE
    ../../libinit.s                          0x00000000   Number         0  libshutdown.o ABSOLUTE
    ../../libinit.s                          0x00000000   Number         0  libshutdown2.o ABSOLUTE
    ../../libinit.s                          0x00000000   Number         0  libinit.o ABSOLUTE
    ../../libinit.s                          0x00000000   Number         0  libinit2.o ABSOLUTE
    ../../memcpset.c                         0x00000000   Number         0  rt_memclr.o ABSOLUTE
    ../../signal.c                           0x00000000   Number         0  defsig_fpe_outer.o ABSOLUTE
    ../../signal.c                           0x00000000   Number         0  defsig_fpe_formal.o ABSOLUTE
    ../../signal.c                           0x00000000   Number         0  defsig_exit.o ABSOLUTE
    ../../signal.c                           0x00000000   Number         0  defsig_fpe_inner.o ABSOLUTE
    ../../signal.c                           0x00000000   Number         0  __raise.o ABSOLUTE
    ../../signal.c                           0x00000000   Number         0  defsig_general.o ABSOLUTE
    ../../signal.c                           0x00000000   Number         0  defsig_abrt_inner.o ABSOLUTE
    ../../signal.c                           0x00000000   Number         0  defsig_rtmem_inner.o ABSOLUTE
    ../../signal.c                           0x00000000   Number         0  defsig_rtmem_outer.o ABSOLUTE
    ../../signal.c                           0x00000000   Number         0  defsig_rtmem_formal.o ABSOLUTE
    ../../signal.c                           0x00000000   Number         0  defsig_stak_inner.o ABSOLUTE
    ../../signal.c                           0x00000000   Number         0  defsig_pvfn_inner.o ABSOLUTE
    ../../signal.c                           0x00000000   Number         0  defsig_cppl_inner.o ABSOLUTE
    ../../signal.c                           0x00000000   Number         0  defsig_segv_inner.o ABSOLUTE
    ../../signal.c                           0x00000000   Number         0  defsig_other.o ABSOLUTE
    ../../signal.c                           0x00000000   Number         0  defsig_rtred_inner.o ABSOLUTE
    ../../signal.s                           0x00000000   Number         0  defsig.o ABSOLUTE
    ../../stdlib.c                           0x00000000   Number         0  exit.o ABSOLUTE
    dc.s                                     0x00000000   Number         0  dc.o ABSOLUTE
    source\Control\Arithmetic.c              0x00000000   Number         0  arithmetic.o ABSOLUTE
    source\Control\IRQHandler.c              0x00000000   Number         0  irqhandler.o ABSOLUTE
    source\Control\motor_control.c           0x00000000   Number         0  motor_control.o ABSOLUTE
    source\Control\protect.c                 0x00000000   Number         0  protect.o ABSOLUTE
    source\Control\servo_control.c           0x00000000   Number         0  servo_control.o ABSOLUTE
    source\Driver\Init_Encoder.c             0x00000000   Number         0  init_encoder.o ABSOLUTE
    source\Driver\Init_GPIO.c                0x00000000   Number         0  init_gpio.o ABSOLUTE
    source\Driver\Init_motor.c               0x00000000   Number         0  init_motor.o ABSOLUTE
    source\Driver\Init_servo.c               0x00000000   Number         0  init_servo.o ABSOLUTE
    source\Driver\SystemInit.c               0x00000000   Number         0  systeminit.o ABSOLUTE
    source\Driver\common.c                   0x00000000   Number         0  common.o ABSOLUTE
    source\Driver\digital_sensor.c           0x00000000   Number         0  digital_sensor.o ABSOLUTE
    source\Driver\motor.c                    0x00000000   Number         0  motor.o ABSOLUTE
    source\Driver\servo.c                    0x00000000   Number         0  servo.o ABSOLUTE
    source\Driver\test.c                     0x00000000   Number         0  test.o ABSOLUTE
    source\Driver\uart.c                     0x00000000   Number         0  uart.o ABSOLUTE
    source\SmartCar6th.c                     0x00000000   Number         0  smartcar6th.o ABSOLUTE
    startup\startup_LPC11xx.s                0x00000000   Number         0  startup_lpc11xx.o ABSOLUTE
    !!!main                                  0x000000c0   Section        8  __main.o(!!!main)
    !!!scatter                               0x000000c8   Section       60  __scatter.o(!!!scatter)
    !!handler_copy                           0x00000104   Section       26  __scatter_copy.o(!!handler_copy)
    !!handler_zi                             0x00000120   Section       28  __scatter_zi.o(!!handler_zi)
    .ARM.Collect$$libinit$$00000000          0x0000013c   Section        6  libinit.o(.ARM.Collect$$libinit$$00000000)
    .ARM.Collect$$libinit$$00000006          0x00000142   Section        0  libinit2.o(.ARM.Collect$$libinit$$00000006)
    .ARM.Collect$$libinit$$00000008          0x00000142   Section        0  libinit2.o(.ARM.Collect$$libinit$$00000008)
    .ARM.Collect$$libinit$$0000000A          0x00000142   Section        0  libinit2.o(.ARM.Collect$$libinit$$0000000A)
    .ARM.Collect$$libinit$$0000000D          0x00000142   Section        0  libinit2.o(.ARM.Collect$$libinit$$0000000D)
    .ARM.Collect$$libinit$$0000000F          0x00000142   Section        0  libinit2.o(.ARM.Collect$$libinit$$0000000F)
    .ARM.Collect$$libinit$$00000011          0x00000142   Section        0  libinit2.o(.ARM.Collect$$libinit$$00000011)
    .ARM.Collect$$libinit$$00000013          0x00000142   Section        0  libinit2.o(.ARM.Collect$$libinit$$00000013)
    .ARM.Collect$$libinit$$00000015          0x00000142   Section        0  libinit2.o(.ARM.Collect$$libinit$$00000015)
    .ARM.Collect$$libinit$$00000017          0x00000142   Section        0  libinit2.o(.ARM.Collect$$libinit$$00000017)
    .ARM.Collect$$libinit$$00000019          0x00000142   Section        0  libinit2.o(.ARM.Collect$$libinit$$00000019)
    .ARM.Collect$$libinit$$0000001B          0x00000142   Section        0  libinit2.o(.ARM.Collect$$libinit$$0000001B)
    .ARM.Collect$$libinit$$0000001D          0x00000142   Section        0  libinit2.o(.ARM.Collect$$libinit$$0000001D)
    .ARM.Collect$$libinit$$0000001F          0x00000142   Section        0  libinit2.o(.ARM.Collect$$libinit$$0000001F)
    .ARM.Collect$$libinit$$00000021          0x00000142   Section        0  libinit2.o(.ARM.Collect$$libinit$$00000021)
    .ARM.Collect$$libinit$$00000028          0x00000142   Section        0  libinit2.o(.ARM.Collect$$libinit$$00000028)
    .ARM.Collect$$libinit$$0000002A          0x00000142   Section        0  libinit2.o(.ARM.Collect$$libinit$$0000002A)
    .ARM.Collect$$libinit$$0000002C          0x00000142   Section        0  libinit2.o(.ARM.Collect$$libinit$$0000002C)
    .ARM.Collect$$libinit$$0000002E          0x00000142   Section        0  libinit2.o(.ARM.Collect$$libinit$$0000002E)
    .ARM.Collect$$libinit$$0000002F          0x00000142   Section        2  libinit2.o(.ARM.Collect$$libinit$$0000002F)
    .ARM.Collect$$libshutdown$$00000000      0x00000144   Section        2  libshutdown.o(.ARM.Collect$$libshutdown$$00000000)
    .ARM.Collect$$libshutdown$$00000003      0x00000146   Section        0  libshutdown2.o(.ARM.Collect$$libshutdown$$00000003)
    .ARM.Collect$$libshutdown$$00000006      0x00000146   Section        0  libshutdown2.o(.ARM.Collect$$libshutdown$$00000006)
    .ARM.Collect$$libshutdown$$00000009      0x00000146   Section        0  libshutdown2.o(.ARM.Collect$$libshutdown$$00000009)
    .ARM.Collect$$libshutdown$$0000000B      0x00000146   Section        0  libshutdown2.o(.ARM.Collect$$libshutdown$$0000000B)
    .ARM.Collect$$libshutdown$$0000000E      0x00000146   Section        0  libshutdown2.o(.ARM.Collect$$libshutdown$$0000000E)
    .ARM.Collect$$libshutdown$$0000000F      0x00000146   Section        2  libshutdown2.o(.ARM.Collect$$libshutdown$$0000000F)
    .ARM.Collect$$rtentry$$00000000          0x00000148   Section        0  rtentry.o(.ARM.Collect$$rtentry$$00000000)
    .ARM.Collect$$rtentry$$00000002          0x00000148   Section        0  rtentry2.o(.ARM.Collect$$rtentry$$00000002)
    .ARM.Collect$$rtentry$$00000004          0x00000148   Section        6  rtentry4.o(.ARM.Collect$$rtentry$$00000004)
    .ARM.Collect$$rtentry$$00000009          0x0000014e   Section        0  rtentry2.o(.ARM.Collect$$rtentry$$00000009)
    .ARM.Collect$$rtentry$$0000000A          0x0000014e   Section        4  rtentry2.o(.ARM.Collect$$rtentry$$0000000A)
    .ARM.Collect$$rtentry$$0000000C          0x00000152   Section        0  rtentry2.o(.ARM.Collect$$rtentry$$0000000C)
    .ARM.Collect$$rtentry$$0000000D          0x00000152   Section        8  rtentry2.o(.ARM.Collect$$rtentry$$0000000D)
    .ARM.Collect$$rtexit$$00000000           0x0000015a   Section        2  rtexit.o(.ARM.Collect$$rtexit$$00000000)
    .ARM.Collect$$rtexit$$00000002           0x0000015c   Section        0  rtexit2.o(.ARM.Collect$$rtexit$$00000002)
    .ARM.Collect$$rtexit$$00000003           0x0000015c   Section        4  rtexit2.o(.ARM.Collect$$rtexit$$00000003)
    .ARM.Collect$$rtexit$$00000004           0x00000160   Section        6  rtexit2.o(.ARM.Collect$$rtexit$$00000004)
    .text                                    0x00000168   Section       52  startup_lpc11xx.o(.text)
    .text                                    0x0000019c   Section        0  irqhandler.o(.text)
    .text                                    0x00000214   Section        0  protect.o(.text)
    .text                                    0x0000027c   Section        0  init_encoder.o(.text)
    .text                                    0x000002e0   Section        0  heapauxi.o(.text)
    .text                                    0x000002e6   Section        0  exit.o(.text)
    .text                                    0x000002f4   Section        8  libspace.o(.text)
    .ARM.__at_0x02FC                         0x000002fc   Section        4  startup_lpc11xx.o(.ARM.__at_0x02FC)
    .text                                    0x00000300   Section        0  arithmetic.o(.text)
    .text                                    0x00000530   Section        0  motor_control.o(.text)
    .text                                    0x0000063c   Section        0  servo_control.o(.text)
    .text                                    0x00000728   Section        0  common.o(.text)
    .text                                    0x0000087c   Section        0  digital_sensor.o(.text)
    .text                                    0x00000948   Section        0  init_gpio.o(.text)
    .text                                    0x00000af4   Section        0  init_motor.o(.text)
    NVIC_EnableIRQ                           0x00000d3b   Thumb Code    14  init_motor.o(.text)
    .text                                    0x00000d68   Section        0  init_servo.o(.text)
    .text                                    0x00000e38   Section        0  motor.o(.text)
    .text                                    0x00000fb0   Section        0  servo.o(.text)
    .text                                    0x00000fe8   Section        0  systeminit.o(.text)
    .text                                    0x0000113c   Section        0  uart.o(.text)
    .text                                    0x000013a4   Section        0  smartcar6th.o(.text)
    SetSpeed                                 0x000013a5   Thumb Code   110  smartcar6th.o(.text)
    .text                                    0x000015c4   Section        0  rt_memclr.o(.text)
    .text                                    0x00001604   Section      346  aeabi_sdiv.o(.text)
    .text                                    0x0000175e   Section       62  sys_stackheap_outer.o(.text)
    .text                                    0x0000179c   Section        0  sys_exit.o(.text)
    .text                                    0x000017a8   Section        2  use_no_semi.o(.text)
    .constdata                               0x000017aa   Section      180  motor_control.o(.constdata)
    .data                                    0x10000000   Section        8  irqhandler.o(.data)
    servo_counter                            0x10000000   Data           1  irqhandler.o(.data)
    program_counter                          0x10000004   Data           4  irqhandler.o(.data)
    .data                                    0x10000008   Section        2  protect.o(.data)
    teleControlCounter                       0x10000008   Data           1  protect.o(.data)
    Counter                                  0x10000009   Data           1  protect.o(.data)
    .data                                    0x1000000c   Section        8  servo_control.o(.data)
    s_lastPositionErr                        0x1000000c   Data           4  servo_control.o(.data)
    s_iLastErr                               0x10000010   Data           4  servo_control.o(.data)
    .data                                    0x10000014   Section        4  init_motor.o(.data)
    .data                                    0x10000018   Section        4  motor.o(.data)
    gl_Motor_PWMBuff                         0x10000018   Data           4  motor.o(.data)
    .data                                    0x1000001c   Section        2  servo.o(.data)
    gl_servoPWM                              0x1000001c   Data           2  servo.o(.data)
    .data                                    0x10000020   Section       12  systeminit.o(.data)
    .data                                    0x1000002c   Section       12  uart.o(.data)
    .data                                    0x10000038   Section       96  smartcar6th.o(.data)
    .bss                                     0x10000098   Section       64  uart.o(.bss)
    .bss                                     0x100000d8   Section       96  libspace.o(.bss)
    HEAP                                     0x10000138   Section        0  startup_lpc11xx.o(HEAP)
    STACK                                    0x10000138   Section      512  startup_lpc11xx.o(STACK)
    Heap_Mem                                 0x10000138   Data           0  startup_lpc11xx.o(HEAP)
    Stack_Mem                                0x10000138   Data         512  startup_lpc11xx.o(STACK)
    __initial_sp                             0x10000338   Data           0  startup_lpc11xx.o(STACK)

    Global Symbols

    Symbol Name                              Value     Ov Type        Size  Object(Section)

    BuildAttributes$$THM_ISAv3M$S$PE$A:L22$X:L11$S22$IEEE1$IW$USESV6$~STKCKD$USESV7$~SHL$OSPACE$ROPI$EBA8$UX$STANDARDLIB$REQ8$PRES8$EABIv2 0x00000000   Number         0  anon$$obj.o ABSOLUTE
    __ARM_use_no_argv                        0x00000000   Number         0  smartcar6th.o ABSOLUTE
    __Vectors                                0x00000000   Data           4  startup_lpc11xx.o(RESET)
    __ARM_exceptions_init                     - Undefined Weak Reference
    __alloca_initialize                       - Undefined Weak Reference
    __cpp_initialize__aeabi_                  - Undefined Weak Reference
    __cxa_finalize                            - Undefined Weak Reference
    __rt_locale                               - Undefined Weak Reference
    __sigvec_lookup                           - Undefined Weak Reference
    _atexit_init                              - Undefined Weak Reference
    _call_atexit_fns                          - Undefined Weak Reference
    _clock_init                               - Undefined Weak Reference
    _fp_trap_init                             - Undefined Weak Reference
    _fp_trap_shutdown                         - Undefined Weak Reference
    _get_lc_collate                           - Undefined Weak Reference
    _get_lc_ctype                             - Undefined Weak Reference
    _get_lc_monetary                          - Undefined Weak Reference
    _get_lc_numeric                           - Undefined Weak Reference
    _get_lc_time                              - Undefined Weak Reference
    _getenv_init                              - Undefined Weak Reference
    _handle_redirection                       - Undefined Weak Reference
    _init_alloc                               - Undefined Weak Reference
    _init_user_alloc                          - Undefined Weak Reference
    _initio                                   - Undefined Weak Reference
    _rand_init                                - Undefined Weak Reference
    _signal_finish                            - Undefined Weak Reference
    _signal_init                              - Undefined Weak Reference
    _terminate_alloc                          - Undefined Weak Reference
    _terminate_user_alloc                     - Undefined Weak Reference
    _terminateio                              - Undefined Weak Reference
    __main                                   0x000000c1   Thumb Code     8  __main.o(!!!main)
    __scatterload                            0x000000c9   Thumb Code     0  __scatter.o(!!!scatter)
    __scatterload_rt2                        0x000000c9   Thumb Code    52  __scatter.o(!!!scatter)
    __scatterload_rt2_thumb_only             0x000000c9   Thumb Code     0  __scatter.o(!!!scatter)
    __scatterload_null                       0x000000d9   Thumb Code     0  __scatter.o(!!!scatter)
    __scatterload_copy                       0x00000105   Thumb Code    26  __scatter_copy.o(!!handler_copy)
    __scatterload_zeroinit                   0x00000121   Thumb Code    28  __scatter_zi.o(!!handler_zi)
    __rt_lib_init                            0x0000013d   Thumb Code     0  libinit.o(.ARM.Collect$$libinit$$00000000)
    __rt_lib_init_alloca_1                   0x00000143   Thumb Code     0  libinit2.o(.ARM.Collect$$libinit$$0000002A)
    __rt_lib_init_argv_1                     0x00000143   Thumb Code     0  libinit2.o(.ARM.Collect$$libinit$$00000028)
    __rt_lib_init_atexit_1                   0x00000143   Thumb Code     0  libinit2.o(.ARM.Collect$$libinit$$00000017)
    __rt_lib_init_clock_1                    0x00000143   Thumb Code     0  libinit2.o(.ARM.Collect$$libinit$$0000001D)
    __rt_lib_init_cpp_1                      0x00000143   Thumb Code     0  libinit2.o(.ARM.Collect$$libinit$$0000002E)
    __rt_lib_init_exceptions_1               0x00000143   Thumb Code     0  libinit2.o(.ARM.Collect$$libinit$$0000002C)
    __rt_lib_init_fp_trap_1                  0x00000143   Thumb Code     0  libinit2.o(.ARM.Collect$$libinit$$0000001B)
    __rt_lib_init_getenv_1                   0x00000143   Thumb Code     0  libinit2.o(.ARM.Collect$$libinit$$0000001F)
    __rt_lib_init_heap_1                     0x00000143   Thumb Code     0  libinit2.o(.ARM.Collect$$libinit$$00000006)
    __rt_lib_init_lc_collate_1               0x00000143   Thumb Code     0  libinit2.o(.ARM.Collect$$libinit$$0000000D)
    __rt_lib_init_lc_ctype_1                 0x00000143   Thumb Code     0  libinit2.o(.ARM.Collect$$libinit$$0000000F)
    __rt_lib_init_lc_monetary_1              0x00000143   Thumb Code     0  libinit2.o(.ARM.Collect$$libinit$$00000011)
    __rt_lib_init_lc_numeric_1               0x00000143   Thumb Code     0  libinit2.o(.ARM.Collect$$libinit$$00000013)
    __rt_lib_init_lc_time_1                  0x00000143   Thumb Code     0  libinit2.o(.ARM.Collect$$libinit$$00000015)
    __rt_lib_init_rand_1                     0x00000143   Thumb Code     0  libinit2.o(.ARM.Collect$$libinit$$0000000A)
    __rt_lib_init_return                     0x00000143   Thumb Code     0  libinit2.o(.ARM.Collect$$libinit$$0000002F)
    __rt_lib_init_signal_1                   0x00000143   Thumb Code     0  libinit2.o(.ARM.Collect$$libinit$$00000019)
    __rt_lib_init_stdio_1                    0x00000143   Thumb Code     0  libinit2.o(.ARM.Collect$$libinit$$00000021)
    __rt_lib_init_user_alloc_1               0x00000143   Thumb Code     0  libinit2.o(.ARM.Collect$$libinit$$00000008)
    __rt_lib_shutdown                        0x00000145   Thumb Code     0  libshutdown.o(.ARM.Collect$$libshutdown$$00000000)
    __rt_lib_shutdown_fp_trap_1              0x00000147   Thumb Code     0  libshutdown2.o(.ARM.Collect$$libshutdown$$00000006)
    __rt_lib_shutdown_heap_1                 0x00000147   Thumb Code     0  libshutdown2.o(.ARM.Collect$$libshutdown$$0000000E)
    __rt_lib_shutdown_return                 0x00000147   Thumb Code     0  libshutdown2.o(.ARM.Collect$$libshutdown$$0000000F)
    __rt_lib_shutdown_signal_1               0x00000147   Thumb Code     0  libshutdown2.o(.ARM.Collect$$libshutdown$$00000009)
    __rt_lib_shutdown_stdio_1                0x00000147   Thumb Code     0  libshutdown2.o(.ARM.Collect$$libshutdown$$00000003)
    __rt_lib_shutdown_user_alloc_1           0x00000147   Thumb Code     0  libshutdown2.o(.ARM.Collect$$libshutdown$$0000000B)
    __rt_entry                               0x00000149   Thumb Code     0  rtentry.o(.ARM.Collect$$rtentry$$00000000)
    __rt_entry_presh_1                       0x00000149   Thumb Code     0  rtentry2.o(.ARM.Collect$$rtentry$$00000002)
    __rt_entry_sh                            0x00000149   Thumb Code     0  rtentry4.o(.ARM.Collect$$rtentry$$00000004)
    __rt_entry_li                            0x0000014f   Thumb Code     0  rtentry2.o(.ARM.Collect$$rtentry$$0000000A)
    __rt_entry_postsh_1                      0x0000014f   Thumb Code     0  rtentry2.o(.ARM.Collect$$rtentry$$00000009)
    __rt_entry_main                          0x00000153   Thumb Code     0  rtentry2.o(.ARM.Collect$$rtentry$$0000000D)
    __rt_entry_postli_1                      0x00000153   Thumb Code     0  rtentry2.o(.ARM.Collect$$rtentry$$0000000C)
    __rt_exit                                0x0000015b   Thumb Code     0  rtexit.o(.ARM.Collect$$rtexit$$00000000)
    __rt_exit_ls                             0x0000015d   Thumb Code     0  rtexit2.o(.ARM.Collect$$rtexit$$00000003)
    __rt_exit_prels_1                        0x0000015d   Thumb Code     0  rtexit2.o(.ARM.Collect$$rtexit$$00000002)
    __rt_exit_exit                           0x00000161   Thumb Code     0  rtexit2.o(.ARM.Collect$$rtexit$$00000004)
    Reset_Handler                            0x00000169   Thumb Code     8  startup_lpc11xx.o(.text)
    NMI_Handler                              0x00000171   Thumb Code     2  startup_lpc11xx.o(.text)
    HardFault_Handler                        0x00000173   Thumb Code     2  startup_lpc11xx.o(.text)
    SVC_Handler                              0x00000175   Thumb Code     2  startup_lpc11xx.o(.text)
    PendSV_Handler                           0x00000177   Thumb Code     2  startup_lpc11xx.o(.text)
    SysTick_Handler                          0x00000179   Thumb Code     2  startup_lpc11xx.o(.text)
    ADC_IRQHandler                           0x0000017b   Thumb Code     0  startup_lpc11xx.o(.text)
    BOD_IRQHandler                           0x0000017b   Thumb Code     0  startup_lpc11xx.o(.text)
    CAN_IRQHandler                           0x0000017b   Thumb Code     0  startup_lpc11xx.o(.text)
    FMC_IRQHandler                           0x0000017b   Thumb Code     0  startup_lpc11xx.o(.text)
    I2C_IRQHandler                           0x0000017b   Thumb Code     0  startup_lpc11xx.o(.text)
    PIOINT0_IRQHandler                       0x0000017b   Thumb Code     0  startup_lpc11xx.o(.text)
    PIOINT1_IRQHandler                       0x0000017b   Thumb Code     0  startup_lpc11xx.o(.text)
    PIOINT2_IRQHandler                       0x0000017b   Thumb Code     0  startup_lpc11xx.o(.text)
    PIOINT3_IRQHandler                       0x0000017b   Thumb Code     0  startup_lpc11xx.o(.text)
    SSP0_IRQHandler                          0x0000017b   Thumb Code     0  startup_lpc11xx.o(.text)
    SSP1_IRQHandler                          0x0000017b   Thumb Code     0  startup_lpc11xx.o(.text)
    TIMER16_1_IRQHandler                     0x0000017b   Thumb Code     0  startup_lpc11xx.o(.text)
    TIMER32_0_IRQHandler                     0x0000017b   Thumb Code     0  startup_lpc11xx.o(.text)
    TIMER32_1_IRQHandler                     0x0000017b   Thumb Code     0  startup_lpc11xx.o(.text)
    USB_FIQHandler                           0x0000017b   Thumb Code     0  startup_lpc11xx.o(.text)
    USB_IRQHandler                           0x0000017b   Thumb Code     0  startup_lpc11xx.o(.text)
    WAKEUP_IRQHandler                        0x0000017b   Thumb Code     0  startup_lpc11xx.o(.text)
    WDT_IRQHandler                           0x0000017b   Thumb Code     0  startup_lpc11xx.o(.text)
    __user_initial_stackheap                 0x0000017d   Thumb Code     0  startup_lpc11xx.o(.text)
    TIMER16_0_IRQHandler                     0x0000019d   Thumb Code    98  irqhandler.o(.text)
    TeleControl                              0x00000215   Thumb Code    86  protect.o(.text)
    Init_Encoder                             0x0000027d   Thumb Code    88  init_encoder.o(.text)
    __use_two_region_memory                  0x000002e1   Thumb Code     2  heapauxi.o(.text)
    __rt_heap_escrow$2region                 0x000002e3   Thumb Code     2  heapauxi.o(.text)
    __rt_heap_expand$2region                 0x000002e5   Thumb Code     2  heapauxi.o(.text)
    exit                                     0x000002e7   Thumb Code    12  exit.o(.text)
    __user_libspace                          0x000002f5   Thumb Code     8  libspace.o(.text)
    __user_perproc_libspace                  0x000002f5   Thumb Code     0  libspace.o(.text)
    __user_perthread_libspace                0x000002f5   Thumb Code     0  libspace.o(.text)
    Control                                  0x00000301   Thumb Code   162  arithmetic.o(.text)
    RightTrace                               0x000003a3   Thumb Code   182  arithmetic.o(.text)
    LeftTrace                                0x00000459   Thumb Code   184  arithmetic.o(.text)
    PWMOut                                   0x00000531   Thumb Code   202  motor_control.o(.text)
    SpeedOut                                 0x000005fb   Thumb Code    52  motor_control.o(.text)
    GetExpectedServoAngle                    0x0000063d   Thumb Code   138  servo_control.o(.text)
    GetErr                                   0x000006c7   Thumb Code    82  servo_control.o(.text)
    ReadSwitch                               0x00000729   Thumb Code   110  common.o(.text)
    WriteLEDOnDrive                          0x00000797   Thumb Code   172  common.o(.text)
    BUZZER_ON                                0x00000843   Thumb Code    14  common.o(.text)
    BUZZER_OFF                               0x00000851   Thumb Code    14  common.o(.text)
    Remote                                   0x0000085f   Thumb Code    18  common.o(.text)
    GetDigitalSensorValue                    0x0000087d   Thumb Code   138  digital_sensor.o(.text)
    GET_START_BAR                            0x00000907   Thumb Code    14  digital_sensor.o(.text)
    GetDigitalSensorNum                      0x00000915   Thumb Code    32  digital_sensor.o(.text)
    set_GPIO_Dir                             0x00000949   Thumb Code   346  init_gpio.o(.text)
    reset_GPIO                               0x00000aa3   Thumb Code    24  init_gpio.o(.text)
    Init_GPIO                                0x00000abb   Thumb Code    24  init_gpio.o(.text)
    delayMs                                  0x00000af5   Thumb Code    92  init_motor.o(.text)
    enable_timer16                           0x00000b51   Thumb Code    12  init_motor.o(.text)
    disable_timer16                          0x00000b5d   Thumb Code    12  init_motor.o(.text)
    reset_timer16                            0x00000b69   Thumb Code    34  init_motor.o(.text)
    init_timer16                             0x00000b8b   Thumb Code   222  init_motor.o(.text)
    Init_motor                               0x00000c69   Thumb Code   210  init_motor.o(.text)
    enable_timer32                           0x00000d69   Thumb Code     8  init_servo.o(.text)
    disable_timer32                          0x00000d71   Thumb Code     8  init_servo.o(.text)
    init_timer32                             0x00000d79   Thumb Code    56  init_servo.o(.text)
    Init_servo                               0x00000db1   Thumb Code   112  init_servo.o(.text)
    check_pwm_limit                          0x00000e39   Thumb Code    28  motor.o(.text)
    PWMout_LF                                0x00000e55   Thumb Code    58  motor.o(.text)
    PWMout_RF                                0x00000e8f   Thumb Code    62  motor.o(.text)
    PWMout_LR                                0x00000ecd   Thumb Code    58  motor.o(.text)
    PWMout_RR                                0x00000f07   Thumb Code    62  motor.o(.text)
    PWMOut4                                  0x00000f45   Thumb Code    36  motor.o(.text)
    IRQ_motor_PWMOut                         0x00000f69   Thumb Code    50  motor.o(.text)
    SetServoAngle                            0x00000fb1   Thumb Code    32  servo.o(.text)
    servo_PWMOut                             0x00000fd1   Thumb Code    10  servo.o(.text)
    Main_PLL_Setup                           0x00000fe9   Thumb Code   140  systeminit.o(.text)
    SystemInit                               0x00001075   Thumb Code    56  systeminit.o(.text)
    clk_out                                  0x000010ad   Thumb Code    82  systeminit.o(.text)
    Init_ALL                                 0x000010ff   Thumb Code    32  systeminit.o(.text)
    UART_IRQHandler                          0x0000113d   Thumb Code   180  uart.o(.text)
    Init_UART                                0x000011f1   Thumb Code   172  uart.o(.text)
    UARTSend                                 0x0000129d   Thumb Code    54  uart.o(.text)
    UART_recive                              0x000012d3   Thumb Code    20  uart.o(.text)
    myitoa                                   0x000012e7   Thumb Code   156  uart.o(.text)
    main                                     0x00001413   Thumb Code   394  smartcar6th.o(.text)
    _memset_w                                0x000015c5   Thumb Code    26  rt_memclr.o(.text)
    _memset                                  0x000015df   Thumb Code    30  rt_memclr.o(.text)
    __aeabi_memclr                           0x000015fd   Thumb Code     4  rt_memclr.o(.text)
    __rt_memclr                              0x000015fd   Thumb Code     0  rt_memclr.o(.text)
    __aeabi_memclr4                          0x00001601   Thumb Code     0  rt_memclr.o(.text)
    __aeabi_memclr8                          0x00001601   Thumb Code     0  rt_memclr.o(.text)
    __rt_memclr_w                            0x00001601   Thumb Code     4  rt_memclr.o(.text)
    __aeabi_uidiv                            0x00001605   Thumb Code     0  aeabi_sdiv.o(.text)
    __aeabi_uidivmod                         0x00001605   Thumb Code    20  aeabi_sdiv.o(.text)
    __aeabi_idiv                             0x00001619   Thumb Code     0  aeabi_sdiv.o(.text)
    __aeabi_idivmod                          0x00001619   Thumb Code   326  aeabi_sdiv.o(.text)
    __user_setup_stackheap                   0x0000175f   Thumb Code    62  sys_stackheap_outer.o(.text)
    _sys_exit                                0x0000179d   Thumb Code     8  sys_exit.o(.text)
    __I$use$semihosting                      0x000017a9   Thumb Code     0  use_no_semi.o(.text)
    __use_no_semihosting_swi                 0x000017a9   Thumb Code     2  use_no_semi.o(.text)
    gl_speedDifference                       0x000017aa   Data         180  motor_control.o(.constdata)
    Region$$Table$$Base                      0x00001860   Number         0  anon$$obj.o(Region$$Table)
    Region$$Table$$Limit                     0x00001880   Number         0  anon$$obj.o(Region$$Table)
    TimerInterval                            0x10000014   Data           4  init_motor.o(.data)
    ClockSource                              0x10000020   Data           4  systeminit.o(.data)
    SystemFrequency                          0x10000024   Data           4  systeminit.o(.data)
    SystemAHBFrequency                       0x10000028   Data           4  systeminit.o(.data)
    UARTTxEmpty                              0x1000002c   Data           1  uart.o(.data)
    UARTCount                                0x10000030   Data           4  uart.o(.data)
    UARTStatus                               0x10000034   Data           4  uart.o(.data)
    gl_cServoAngle                           0x10000038   Data           1  smartcar6th.o(.data)
    gl_cMotorPWM                             0x10000039   Data           1  smartcar6th.o(.data)
    gl_ucSensorNumber                        0x1000003a   Data           1  smartcar6th.o(.data)
    gl_uiDigitalSensor                       0x1000003c   Data           4  smartcar6th.o(.data)
    gl_ucSwitchValue                         0x10000040   Data           1  smartcar6th.o(.data)
    gl_iPattern                              0x10000044   Data           4  smartcar6th.o(.data)
    gl_ulTimerCnt                            0x10000048   Data           4  smartcar6th.o(.data)
    gl_iProgramPeriod                        0x1000004c   Data           4  smartcar6th.o(.data)
    gl_iCurSpeed                             0x10000050   Data           4  smartcar6th.o(.data)
    gl_ulTotalDistance                       0x10000054   Data           4  smartcar6th.o(.data)
    gl_iStraightSpeed                        0x10000058   Data           4  smartcar6th.o(.data)
    gl_iR600Speed                            0x1000005c   Data           4  smartcar6th.o(.data)
    gl_iR450Speed                            0x10000060   Data           4  smartcar6th.o(.data)
    gl_iNowErr                               0x10000064   Data           4  smartcar6th.o(.data)
    gl_uiLastDigitalSensor                   0x10000068   Data           4  smartcar6th.o(.data)
    gl_iSensorDistance                       0x1000006c   Data          44  smartcar6th.o(.data)
    UARTBuffer                               0x10000098   Data          64  uart.o(.bss)
    __libspace_start                         0x100000d8   Data          96  libspace.o(.bss)
    __temporary_stack_top$libspace           0x10000138   Data           0  libspace.o(.bss)



==============================================================================

Memory Map of the image

  Image Entry point : 0x000000c1

  Load Region LR_IROM1 (Base: 0x00000000, Size: 0x00001918, Max: 0x00008000, ABSOLUTE)

    Execution Region ER_IROM1 (Base: 0x00000000, Size: 0x00001880, Max: 0x00008000, ABSOLUTE)

    Base Addr    Size         Type   Attr      Idx    E Section Name        Object

    0x00000000   0x000000c0   Data   RO            3    RESET               startup_lpc11xx.o
    0x000000c0   0x00000008   Code   RO          330  * !!!main             c_p.l(__main.o)(c_p.l)
    0x000000c8   0x0000003c   Code   RO          499    !!!scatter          c_p.l(__scatter.o)(c_p.l)
    0x00000104   0x0000001a   Code   RO          501    !!handler_copy      c_p.l(__scatter_copy.o)(c_p.l)
    0x0000011e   0x00000002   PAD
    0x00000120   0x0000001c   Code   RO          503    !!handler_zi        c_p.l(__scatter_zi.o)(c_p.l)
    0x0000013c   0x00000006   Code   RO          373    .ARM.Collect$$libinit$$00000000  c_p.l(libinit.o)(c_p.l)
    0x00000142   0x00000000   Code   RO          388    .ARM.Collect$$libinit$$00000006  c_p.l(libinit2.o)(c_p.l)
    0x00000142   0x00000000   Code   RO          390    .ARM.Collect$$libinit$$00000008  c_p.l(libinit2.o)(c_p.l)
    0x00000142   0x00000000   Code   RO          392    .ARM.Collect$$libinit$$0000000A  c_p.l(libinit2.o)(c_p.l)
    0x00000142   0x00000000   Code   RO          395    .ARM.Collect$$libinit$$0000000D  c_p.l(libinit2.o)(c_p.l)
    0x00000142   0x00000000   Code   RO          397    .ARM.Collect$$libinit$$0000000F  c_p.l(libinit2.o)(c_p.l)
    0x00000142   0x00000000   Code   RO          399    .ARM.Collect$$libinit$$00000011  c_p.l(libinit2.o)(c_p.l)
    0x00000142   0x00000000   Code   RO          401    .ARM.Collect$$libinit$$00000013  c_p.l(libinit2.o)(c_p.l)
    0x00000142   0x00000000   Code   RO          403    .ARM.Collect$$libinit$$00000015  c_p.l(libinit2.o)(c_p.l)
    0x00000142   0x00000000   Code   RO          405    .ARM.Collect$$libinit$$00000017  c_p.l(libinit2.o)(c_p.l)
    0x00000142   0x00000000   Code   RO          407    .ARM.Collect$$libinit$$00000019  c_p.l(libinit2.o)(c_p.l)
    0x00000142   0x00000000   Code   RO          409    .ARM.Collect$$libinit$$0000001B  c_p.l(libinit2.o)(c_p.l)
    0x00000142   0x00000000   Code   RO          411    .ARM.Collect$$libinit$$0000001D  c_p.l(libinit2.o)(c_p.l)
    0x00000142   0x00000000   Code   RO          413    .ARM.Collect$$libinit$$0000001F  c_p.l(libinit2.o)(c_p.l)
    0x00000142   0x00000000   Code   RO          415    .ARM.Collect$$libinit$$00000021  c_p.l(libinit2.o)(c_p.l)
    0x00000142   0x00000000   Code   RO          419    .ARM.Collect$$libinit$$00000028  c_p.l(libinit2.o)(c_p.l)
    0x00000142   0x00000000   Code   RO          421    .ARM.Collect$$libinit$$0000002A  c_p.l(libinit2.o)(c_p.l)
    0x00000142   0x00000000   Code   RO          423    .ARM.Collect$$libinit$$0000002C  c_p.l(libinit2.o)(c_p.l)
    0x00000142   0x00000000   Code   RO          425    .ARM.Collect$$libinit$$0000002E  c_p.l(libinit2.o)(c_p.l)
    0x00000142   0x00000002   Code   RO          426    .ARM.Collect$$libinit$$0000002F  c_p.l(libinit2.o)(c_p.l)
    0x00000144   0x00000002   Code   RO          457    .ARM.Collect$$libshutdown$$00000000  c_p.l(libshutdown.o)(c_p.l)
    0x00000146   0x00000000   Code   RO          484    .ARM.Collect$$libshutdown$$00000003  c_p.l(libshutdown2.o)(c_p.l)
    0x00000146   0x00000000   Code   RO          487    .ARM.Collect$$libshutdown$$00000006  c_p.l(libshutdown2.o)(c_p.l)
    0x00000146   0x00000000   Code   RO          490    .ARM.Collect$$libshutdown$$00000009  c_p.l(libshutdown2.o)(c_p.l)
    0x00000146   0x00000000   Code   RO          492    .ARM.Collect$$libshutdown$$0000000B  c_p.l(libshutdown2.o)(c_p.l)
    0x00000146   0x00000000   Code   RO          495    .ARM.Collect$$libshutdown$$0000000E  c_p.l(libshutdown2.o)(c_p.l)
    0x00000146   0x00000002   Code   RO          496    .ARM.Collect$$libshutdown$$0000000F  c_p.l(libshutdown2.o)(c_p.l)
    0x00000148   0x00000000   Code   RO          332    .ARM.Collect$$rtentry$$00000000  c_p.l(rtentry.o)(c_p.l)
    0x00000148   0x00000000   Code   RO          339    .ARM.Collect$$rtentry$$00000002  c_p.l(rtentry2.o)(c_p.l)
    0x00000148   0x00000006   Code   RO          354    .ARM.Collect$$rtentry$$00000004  c_p.l(rtentry4.o)(c_p.l)
    0x0000014e   0x00000000   Code   RO          341    .ARM.Collect$$rtentry$$00000009  c_p.l(rtentry2.o)(c_p.l)
    0x0000014e   0x00000004   Code   RO          342    .ARM.Collect$$rtentry$$0000000A  c_p.l(rtentry2.o)(c_p.l)
    0x00000152   0x00000000   Code   RO          344    .ARM.Collect$$rtentry$$0000000C  c_p.l(rtentry2.o)(c_p.l)
    0x00000152   0x00000008   Code   RO          345    .ARM.Collect$$rtentry$$0000000D  c_p.l(rtentry2.o)(c_p.l)
    0x0000015a   0x00000002   Code   RO          378    .ARM.Collect$$rtexit$$00000000  c_p.l(rtexit.o)(c_p.l)
    0x0000015c   0x00000000   Code   RO          432    .ARM.Collect$$rtexit$$00000002  c_p.l(rtexit2.o)(c_p.l)
    0x0000015c   0x00000004   Code   RO          433    .ARM.Collect$$rtexit$$00000003  c_p.l(rtexit2.o)(c_p.l)
    0x00000160   0x00000006   Code   RO          434    .ARM.Collect$$rtexit$$00000004  c_p.l(rtexit2.o)(c_p.l)
    0x00000166   0x00000002   PAD
    0x00000168   0x00000034   Code   RO            5    .text               startup_lpc11xx.o
    0x0000019c   0x00000078   Code   RO           95    .text               irqhandler.o
    0x00000214   0x00000068   Code   RO          124    .text               protect.o
    0x0000027c   0x00000064   Code   RO          175    .text               init_encoder.o
    0x000002e0   0x00000006   Code   RO          328    .text               c_p.l(heapauxi.o)(c_p.l)
    0x000002e6   0x0000000c   Code   RO          361    .text               c_p.l(exit.o)(c_p.l)
    0x000002f2   0x00000002   PAD
    0x000002f4   0x00000008   Code   RO          374    .text               c_p.l(libspace.o)(c_p.l)
    0x000002fc   0x00000004   Code   RO            4    .ARM.__at_0x02FC    startup_lpc11xx.o
    0x00000300   0x00000230   Code   RO           13    .text               arithmetic.o
    0x00000530   0x0000010c   Code   RO          109    .text               motor_control.o
    0x0000063c   0x000000ec   Code   RO          137    .text               servo_control.o
    0x00000728   0x00000154   Code   RO          151    .text               common.o
    0x0000087c   0x000000cc   Code   RO          163    .text               digital_sensor.o
    0x00000948   0x000001ac   Code   RO          187    .text               init_gpio.o
    0x00000af4   0x00000274   Code   RO          199    .text               init_motor.o
    0x00000d68   0x000000d0   Code   RO          217    .text               init_servo.o
    0x00000e38   0x00000178   Code   RO          229    .text               motor.o
    0x00000fb0   0x00000038   Code   RO          243    .text               servo.o
    0x00000fe8   0x00000154   Code   RO          257    .text               systeminit.o
    0x0000113c   0x00000268   Code   RO          285    .text               uart.o
    0x000013a4   0x00000220   Code   RO          301    .text               smartcar6th.o
    0x000015c4   0x00000040   Code   RO          322    .text               c_p.l(rt_memclr.o)(c_p.l)
    0x00001604   0x0000015a   Code   RO          324    .text               c_p.l(aeabi_sdiv.o)(c_p.l)
    0x0000175e   0x0000003e   Code   RO          358    .text               c_p.l(sys_stackheap_outer.o)(c_p.l)
    0x0000179c   0x0000000c   Code   RO          429    .text               c_p.l(sys_exit.o)(c_p.l)
    0x000017a8   0x00000002   Code   RO          447    .text               c_p.l(use_no_semi.o)(c_p.l)
    0x000017aa   0x000000b4   Data   RO          110    .constdata          motor_control.o
    0x0000185e   0x00000002   PAD
    0x00001860   0x00000020   Data   RO          497    Region$$Table       anon$$obj.o


    Execution Region RW_IRAM1 (Base: 0x10000000, Size: 0x00000338, Max: 0x00002000, ABSOLUTE)

    Base Addr    Size         Type   Attr      Idx    E Section Name        Object

    0x10000000   0x00000008   Data   RW           96    .data               irqhandler.o
    0x10000008   0x00000002   Data   RW          125    .data               protect.o
    0x1000000a   0x00000002   PAD
    0x1000000c   0x00000008   Data   RW          138    .data               servo_control.o
    0x10000014   0x00000004   Data   RW          200    .data               init_motor.o
    0x10000018   0x00000004   Data   RW          230    .data               motor.o
    0x1000001c   0x00000002   Data   RW          244    .data               servo.o
    0x1000001e   0x00000002   PAD
    0x10000020   0x0000000c   Data   RW          258    .data               systeminit.o
    0x1000002c   0x0000000c   Data   RW          287    .data               uart.o
    0x10000038   0x00000060   Data   RW          302    .data               smartcar6th.o
    0x10000098   0x00000040   Zero   RW          286    .bss                uart.o
    0x100000d8   0x00000060   Zero   RW          375    .bss                c_p.l(libspace.o)(c_p.l)
    0x10000138   0x00000000   Zero   RW            2    HEAP                startup_lpc11xx.o
    0x10000138   0x00000200   Zero   RW            1    STACK               startup_lpc11xx.o


==============================================================================

Image component sizes


      Code (inc. data)   RO Data    RW Data    ZI Data      Debug   Object Name

       560         32          0          0          0          0   arithmetic.o
       340         12          0          0          0          0   common.o
       204         20          0          0          0          0   digital_sensor.o
       100         12          0          0          0          0   init_encoder.o
       428         34          0          0          0          0   init_gpio.o
       628         32          0          4          0          0   init_motor.o
       208         24          0          0          0          0   init_servo.o
       120         22          0          8          0          0   irqhandler.o
       376         22          0          4          0          0   motor.o
       268         14        180          0          0          0   motor_control.o
       104         18          0          2          0          0   protect.o
        56         14          0          2          0          0   servo.o
       236         16          0          8          0          0   servo_control.o
       544         40          0         96          0          0   smartcar6th.o
        56         26        192          0        512          0   startup_lpc11xx.o
       340         30          0         12          0          0   systeminit.o
       616         34          0         12         64          0   uart.o

    ----------------------------------------------------------------------
      5184        402        406        152        576          0   Object Totals
         0          0         32          0          0          0   (incl. Generated)
         0          0          2          4          0          2   (incl. Padding)

    ----------------------------------------------------------------------

      Code (inc. data)   RO Data    RW Data    ZI Data      Debug   Library Member Name

         8          0          0          0          0          0   __main.o
        60          8          0          0          0          0   __scatter.o
        26          0          0          0          0          0   __scatter_copy.o
        28          0          0          0          0          0   __scatter_zi.o
       346          0          0          0          0          0   aeabi_sdiv.o
        12          0          0          0          0          0   exit.o
         6          0          0          0          0          0   heapauxi.o
         6          0          0          0          0          0   libinit.o
         2          0          0          0          0          0   libinit2.o
         2          0          0          0          0          0   libshutdown.o
         2          0          0          0          0          0   libshutdown2.o
         8          4          0          0         96          0   libspace.o
        64          0          0          0          0          0   rt_memclr.o
         0          0          0          0          0          0   rtentry.o
        12          0          0          0          0          0   rtentry2.o
         6          0          0          0          0          0   rtentry4.o
         2          0          0          0          0          0   rtexit.o
        10          0          0          0          0          0   rtexit2.o
        12          4          0          0          0          0   sys_exit.o
        62          0          0          0          0          0   sys_stackheap_outer.o
         2          0          0          0          0          0   use_no_semi.o

    ----------------------------------------------------------------------
       682         16          0          0         96          0   Library Totals
         6          0          0          0          0          0   (incl. Padding)

    ----------------------------------------------------------------------

      Code (inc. data)   RO Data    RW Data    ZI Data      Debug   Library Name

       676         16          0          0         96        740   c_p.l

    ----------------------------------------------------------------------
       682         16          0          0         96          0   Library Totals

    ----------------------------------------------------------------------

==============================================================================


      Code (inc. data)   RO Data    RW Data    ZI Data      Debug   

      5866        418        406        152        672      39140   Grand Totals
      5866        418        406        152        672      39140   ELF Image Totals
      5866        418        406        152          0          0   ROM Totals

==============================================================================

    Total RO  Size (Code + RO Data)                 6272 (   6.13kB)
    Total RW  Size (RW Data + ZI Data)               824 (   0.80kB)
    Total ROM Size (Code + RO Data + RW Data)       6424 (   6.27kB)

==============================================================================

